[IV] block gain G(w) = sum(w) - len(w)*log2(3); Geom(2) probability that a block certifies G > H
     l |     P(G>0)   P(G>0.5)     P(G>1)     P(G>2)     P(G>4)     P(G>8)
     1 |     0.5000     0.2500     0.2500     0.1250     0.0312     0.0020
     2 |     0.5000     0.5000     0.3125     0.1875     0.0625     0.0059
     3 |     0.6875     0.5000     0.5000     0.3438     0.1445     0.0193
     4 |     0.6562     0.6562     0.5000     0.3633     0.1719     0.0287
     5 |     0.7734     0.6367     0.6367     0.5000     0.2744     0.0592
     6 |     0.7461     0.6230     0.6230     0.5000     0.2905     0.0717
     smallest single-digit certificate for headroom H: d > H + log2(3), i.e. d_min(H) = floor(H+alpha)+1
       H=0: d_min = 2, P(one step certifies) = 2^-1 = 0.5000
       H=0.5: d_min = 3, P(one step certifies) = 2^-2 = 0.2500
       H=1: d_min = 3, P(one step certifies) = 2^-2 = 0.2500
       H=2: d_min = 4, P(one step certifies) = 2^-3 = 0.1250
       H=4: d_min = 6, P(one step certifies) = 2^-5 = 0.0312
       H=8: d_min = 10, P(one step certifies) = 2^-9 = 0.0020
     most probable positive-gain blocks by length (gain > 0):
       l=1: (2,) G=0.415 p=0.2500, (3,) G=1.415 p=0.1250, (4,) G=2.415 p=0.0625
       l=2: (1, 3) G=0.830 p=0.0625, (2, 2) G=0.830 p=0.0625, (3, 1) G=0.830 p=0.0625
       l=3: (1, 1, 3) G=0.245 p=0.0312, (1, 2, 2) G=0.245 p=0.0312, (1, 3, 1) G=0.245 p=0.0312
       l=4: (1, 1, 1, 4) G=0.660 p=0.0078, (1, 1, 2, 3) G=0.660 p=0.0078, (1, 1, 3, 2) G=0.660 p=0.0078

[V] run 1^r q: gain G(r,q) = r + q - (r+1) log2 3; minimal q erasing headroom H:
     q(r,H) = floor(H + (r+1) log2 3 - r) + 1   (no equality case: log2 3 irrational)
      r |    H=0  H=0.5    H=1    H=2    H=4    H=8
      0 |      2      3      3      4      6     10
      1 |      3      3      4      5      7     11
      2 |      3      4      4      5      7     11
      3 |      4      4      5      6      8     12
      4 |      4      5      5      6      8     12
      5 |      5      6      6      7      9     13
      6 |      6      6      7      8     10     14
      7 |      6      7      7      8     10     14
      8 |      7      7      8      9     11     15
      9 |      7      8      8      9     11     15
     10 |      8      8      9     10     12     16
     (each extra 1 raises the needed q by log2(3) - 1 = 0.585; a run of r ones costs 0.585 r headroom)

[VIII-a] ensemble recovery: iid Geom(2) walk from R = -G to R > U (U = 2); Wald: E[T] = (U+G+E[overshoot])/(2-log2 3)
     G= 0: mean T    8.41 (Wald    8.28), median 5, 99% 44, max 141; (U+G)/0.415 = 4.8
     G= 5: mean T   20.16 (Wald   20.41), median 16, 99% 72, max 164; (U+G)/0.415 = 16.9
     G=10: mean T   32.60 (Wald   32.37), median 28, 99% 97, max 175; (U+G)/0.415 = 28.9
     G=20: mean T   56.44 (Wald   56.48), median 52, 99% 135, max 275; (U+G)/0.415 = 53.0
     G=40: mean T  104.88 (Wald  104.61), median 100, 99% 204, max 323; (U+G)/0.415 = 101.2

[VIII-b] genuine orbits: from deep dips R_t <= -G to the next time R > U (U = 2); size-recovery condition
     G= 5: events 13, mean recovery    79.3, median 32, max 229  [(U+G)/0.415 = 16.9]; recovery step already has 4 m_n < mu: 13/13
     G=10: events 5, mean recovery   117.4, median 140, max 219  [(U+G)/0.415 = 28.9]; recovery step already has 4 m_n < mu: 5/5

[X] U-confined positive words: log2(#words of length N)/N and log2(Geom mass)/N   [alpha - I0 = 1.5056, -I0 = -0.0793]
     U=0: N=100: h=1.4073, mass=-0.1400; N=200: h=1.4481, mass=-0.1200; N=400: h=1.4732, mass=-0.1025; N=800: h=1.4876, mass=-0.0925
     U=2: N=100: h=1.4507, mass=-0.1200; N=200: h=1.4701, mass=-0.1050; N=400: h=1.4842, mass=-0.0950; N=800: h=1.4931, mass=-0.0900
     U=8: N=100: h=1.5467, mass=-0.0800; N=200: h=1.5195, mass=-0.0850; N=400: h=1.5093, mass=-0.0850; N=800: h=1.5058, mass=-0.0850

[XV] U_0 (first R_n > 0) vs sigma_0 (first accelerated m_n < mu) for all odd mu in [3, 2^22):
     U_0 == sigma_0 for 2097151/2097151 seeds; differing 0, max gap 0; examples []
