[I] critical tilt P*(d=k) = (1/alpha)(1-1/alpha)^(k-1):
    mean 1.5849625007 (alpha 1.5849625007); P*(1) 0.63093; P*(>=4) 0.05027
    Shannon entropy 1.505644 = alpha*H2(1/alpha) = 1.505644 = alpha - I0 = 1.505644
    KL(P* || Geom(1/2)) = 0.07931861 = I0 = 0.07931861;  tilt parameter theta = ln(2(1-1/alpha)) = -0.303621 = -lambda* = -0.303621
[II] constants:
    alpha = 1.584963 | I0 = 0.079319 | alpha-I0 = 1.505644 | H2(1/alpha) = 0.949956 | 1-H2(1/alpha) = I0/alpha = 0.050044
    Renyi-2 of Geom(1/2) per digit = -log2(1/3) = 1.584963;  Renyi-2 of P* = log2(2 alpha - 1) = 1.117645
    survivor-ensemble rates (predicted): Shannon alpha-I0 = 1.5056, Renyi-2 alpha-2 I0 = 1.4263, min-entropy 1-I0 = 0.9207

[III/VIII] exact DP (U-confined positive words):  log2|W| - (alpha-I0)N ,  log2 P_N + I0 N  (P_N = Geom mass)
   U=0 N=   25: log2|W|/N 1.23292  resid   -6.818 | log2P/N -0.25696 resid   -4.441 | survivor rates: Shannon 1.1895 Renyi2 1.1096 min 0.7430 | frac(U+N a) 0.62
   U=0 N=   50: log2|W|/N 1.34242  resid   -8.161 | log2P/N -0.19111 resid   -5.590 | survivor rates: Shannon 1.3091 Renyi2 1.2223 min 0.8089 | frac(U+N a) 0.25
   U=0 N=  100: log2|W|/N 1.40728  resid   -9.836 | log2P/N -0.14822 resid   -6.891 | survivor rates: Shannon 1.3863 Renyi2 1.2983 min 0.8518 | frac(U+N a) 0.50
   U=0 N=  200: log2|W|/N 1.44810  resid  -11.508 | log2P/N -0.12064 resid   -8.264 | survivor rates: Shannon 1.4360 Renyi2 1.3486 min 0.8794 | frac(U+N a) 0.99
   U=0 N=  300: log2|W|/N 1.46502  resid  -12.188 | log2P/N -0.10954 resid   -9.066 | survivor rates: Shannon 1.4561 Renyi2 1.3692 min 0.8905 | frac(U+N a) 0.49
   U=0 N=  400: log2|W|/N 1.47316  resid  -12.992 | log2P/N -0.10351 resid   -9.677 | survivor rates: Shannon 1.4665 Renyi2 1.3804 min 0.8965 | frac(U+N a) 0.99
   U=0 N=  600: log2|W|/N 1.48255  resid  -13.859 | log2P/N -0.09686 resid  -10.522 | survivor rates: Shannon 1.4779 Renyi2 1.3929 min 0.9031 | frac(U+N a) 0.98
   U=0 N=  800: log2|W|/N 1.48756  resid  -14.471 | log2P/N -0.09323 resid  -11.126 | survivor rates: Shannon 1.4840 Renyi2 1.3997 min 0.9068 | frac(U+N a) 0.97
   U=0 N= 1000: log2|W|/N 1.49070  resid  -14.947 | log2P/N -0.09092 resid  -11.600 | survivor rates: Shannon 1.4878 Renyi2 1.4041 min 0.9091 | frac(U+N a) 0.96
   U=0 N= 1200: log2|W|/N 1.49287  resid  -15.331 | log2P/N -0.08931 resid  -11.985 | survivor rates: Shannon 1.4904 Renyi2 1.4072 min 0.9107 | frac(U+N a) 0.96
   U=0 N= 1600: log2|W|/N 1.49568  resid  -15.942 | log2P/N -0.08719 resid  -12.599 | survivor rates: Shannon 1.4938 Renyi2 1.4112 min 0.9128 | frac(U+N a) 0.94
   U=0 N= 2000: log2|W|/N 1.49744  resid  -16.407 | log2P/N -0.08586 resid  -13.073 | survivor rates: Shannon 1.4960 Renyi2 1.4137 min 0.9141 | frac(U+N a) 0.93
   U=0 N= 2400: log2|W|/N 1.49864  resid  -16.820 | log2P/N -0.08493 resid  -13.471 | survivor rates: Shannon 1.4974 Renyi2 1.4155 min 0.9151 | frac(U+N a) 0.91
   U=0 N= 3000: log2|W|/N 1.49988  resid  -17.278 | log2P/N -0.08397 resid  -13.947 | survivor rates: Shannon 1.4989 Renyi2 1.4174 min 0.9160 | frac(U+N a) 0.89
   U=0 fit resid ~ slope*log2 N over N in [200,3000]: words: slope -1.495 (max |residual| 0.143)
   U=0 fit resid ~ slope*log2 N over N in [200,3000]: mass: slope -1.460 (max |residual| 0.040)
   U=2 N=   25: log2|W|/N 1.39648  resid   -2.729 | log2P/N -0.17013 resid   -2.270 | survivor rates: Shannon 1.3480 Renyi2 1.2520 min 0.8299 | frac(U+N a) 0.62
   U=2 N=   50: log2|W|/N 1.42755  resid   -3.905 | log2P/N -0.14537 resid   -3.302 | survivor rates: Shannon 1.3929 Renyi2 1.2980 min 0.8546 | frac(U+N a) 0.25
   U=2 N=  100: log2|W|/N 1.45074  resid   -5.490 | log2P/N -0.12466 resid   -4.534 | survivor rates: Shannon 1.4294 Renyi2 1.3376 min 0.8753 | frac(U+N a) 0.50
   U=2 N=  200: log2|W|/N 1.47007  resid   -7.115 | log2P/N -0.10866 resid   -5.868 | survivor rates: Shannon 1.4580 Renyi2 1.3686 min 0.8913 | frac(U+N a) 0.99
   U=2 N=  300: log2|W|/N 1.47971  resid   -7.780 | log2P/N -0.10150 resid   -6.656 | survivor rates: Shannon 1.4708 Renyi2 1.3826 min 0.8985 | frac(U+N a) 0.49
   U=2 N=  400: log2|W|/N 1.48420  resid   -8.576 | log2P/N -0.09747 resid   -7.259 | survivor rates: Shannon 1.4775 Renyi2 1.3905 min 0.9025 | frac(U+N a) 0.99
   U=2 N=  600: log2|W|/N 1.48992  resid   -9.435 | log2P/N -0.09281 resid   -8.097 | survivor rates: Shannon 1.4853 Renyi2 1.3997 min 0.9072 | frac(U+N a) 0.98
   U=2 N=  800: log2|W|/N 1.49309  resid  -10.042 | log2P/N -0.09019 resid   -8.698 | survivor rates: Shannon 1.4895 Renyi2 1.4048 min 0.9098 | frac(U+N a) 0.97
   U=2 N= 1000: log2|W|/N 1.49513  resid  -10.517 | log2P/N -0.08849 resid   -9.169 | survivor rates: Shannon 1.4922 Renyi2 1.4082 min 0.9115 | frac(U+N a) 0.96
   U=2 N= 1200: log2|W|/N 1.49656  resid  -10.899 | log2P/N -0.08728 resid   -9.553 | survivor rates: Shannon 1.4941 Renyi2 1.4106 min 0.9127 | frac(U+N a) 0.96
   U=2 N= 1600: log2|W|/N 1.49845  resid  -11.508 | log2P/N -0.08567 resid  -10.165 | survivor rates: Shannon 1.4966 Renyi2 1.4137 min 0.9143 | frac(U+N a) 0.94
   U=2 N= 2000: log2|W|/N 1.49966  resid  -11.971 | log2P/N -0.08464 resid  -10.638 | survivor rates: Shannon 1.4982 Renyi2 1.4158 min 0.9154 | frac(U+N a) 0.93
   U=2 N= 2400: log2|W|/N 1.50048  resid  -12.384 | log2P/N -0.08392 resid  -11.035 | survivor rates: Shannon 1.4992 Renyi2 1.4172 min 0.9161 | frac(U+N a) 0.91
   U=2 N= 3000: log2|W|/N 1.50136  resid  -12.841 | log2P/N -0.08316 resid  -11.510 | survivor rates: Shannon 1.5004 Renyi2 1.4187 min 0.9168 | frac(U+N a) 0.89
   U=2 fit resid ~ slope*log2 N over N in [200,3000]: words: slope -1.485 (max |residual| 0.143)
   U=2 fit resid ~ slope*log2 N over N in [200,3000]: mass: slope -1.450 (max |residual| 0.049)

[IX] actual survivors #{odd mu < X: exit > N} (U=0)  vs  independent-trials prediction (X/2) P_N
   X=2^24: N=5F: 1245184/1245184.0=1.000  N=10F: 541184/541184.0=1.000  N=15 : 286581/286581.0=1.000  N=20 : 161469/161513.6=1.000  N=25 : 97226/97699.5=0.995  N=30 : 58954/59345.8=0.993  N=40 : 24736/25049.5=0.987  N=60 : 5016/5161.0=0.972  N=80 : 1240/1170.7=1.059  N=100 : 271/289.5=0.936  N=130 : 23/40.3=0.570  N=160 : 1/5.8=0.173  N=200 : 0/0.5=0.000
   X=2^28: N=5F: 19922944/19922944.0=1.000  N=10F: 8658944/8658944.0=1.000  N=15F: 4585296/4585296.0=1.000  N=20 : 2584326/2584217.7=1.000  N=25 : 1561464/1563192.1=0.999  N=30 : 948385/949532.9=0.999  N=40 : 400614/400791.7=1.000  N=60 : 82455/82575.4=0.999  N=80 : 19110/18730.9=1.020  N=100 : 4664/4632.6=1.007  N=130 : 736/645.5=1.140  N=160 : 114/92.4=1.233  N=200 : 13/7.3=1.775
   X=2^32: N=5F: 318767104/318767104.0=1.000  N=10F: 138543104/138543104.0=1.000  N=15F: 73364736/73364736.0=1.000  N=20 : 41347483/41347483.0=1.000  N=25 : 25011524/25011074.2=1.000  N=30 : 15195020/15192526.0=1.000  N=40 : 6412963/6412667.0=1.000  N=60 : 1321353/1321206.2=1.000  N=80 : 298970/299694.2=0.998  N=100 : 72804/74121.4=0.982  N=130 : 10485/10328.1=1.015  N=160 : 1489/1478.9=1.007  N=200 : 157/117.2=1.340
   (F = fresh-bit regime alpha*N + 1 <= log2 X, where realizer classes are fully resolved)

[X-XII] M_0(X) = max exit over odd mu < X vs extreme-value prediction; 1/I0 = 12.6074
   log2X  M_0(X)  M/log2X  M/(log2X)^2   N_pred(median: (X/2)P_N = ln2)   naive log2X/I0   M - N_pred
      12      51    4.250     0.3542        68            151.3         -17
      14      66    4.714     0.3367        87            176.5         -21
      16      85    5.312     0.3320       108            201.7         -23
      18      85    4.722     0.2623       129            226.9         -44
      20     115    5.750     0.2875       150            252.1         -35
      22     141    6.409     0.2913       172            277.4         -31
      24     181    7.542     0.3142       194            302.6         -13
      26     237    9.115     0.3506       217            327.8         20
      28     249    8.893     0.3176       239            353.0         10
      30     249    8.300     0.2767       262            378.2         -13
      32     282    8.812     0.2754       285            403.4         -3
      34     345   10.147     0.2984      >300            428.7         
      36     345    9.583     0.2662      >300            453.9         
      38     345    9.079     0.2389      >300            479.1         
      40     345    8.625     0.2156      >300            504.3         

[VI] record holders (U=0) vs exact conditioned survivor model at the same exit length N
   mu            N   mean   p1    p>=4  KL(p^||P*) | model(100 samples): KL mean [5%,95%]   p1 mean   rec KL percentile
   10087           66 1.636 0.621 0.045  0.0680     | 0.0587 [0.0159,0.1221]   0.627     0.68
   35655           85 1.588 0.624 0.059  0.0377     | 0.0486 [0.0136,0.1064]   0.622     0.38
   270271         103 1.650 0.631 0.058  0.0337     | 0.0426 [0.0139,0.0866]   0.628     0.41
   362343         104 1.596 0.663 0.067  0.0274     | 0.0423 [0.0140,0.0894]   0.626     0.26
   381727         109 1.596 0.661 0.064  0.0246     | 0.0355 [0.0130,0.0690]   0.626     0.34
   626331         111 1.586 0.631 0.054  0.0127     | 0.0365 [0.0130,0.0772]   0.632     0.05
   1027431        115 1.591 0.617 0.035  0.0350     | 0.0385 [0.0108,0.0831]   0.629     0.46
   1126015        141 1.610 0.688 0.057  0.0545     | 0.0286 [0.0088,0.0484]   0.629     0.97
   8088063        155 1.594 0.606 0.065  0.0319     | 0.0258 [0.0097,0.0486]   0.626     0.74
   13421671       181 1.586 0.680 0.072  0.0383     | 0.0248 [0.0077,0.0487]   0.628     0.85
   20638335       184 1.592 0.668 0.054  0.0367     | 0.0253 [0.0099,0.0450]   0.631     0.85
   26716671       188 1.622 0.649 0.069  0.0397     | 0.0217 [0.0081,0.0445]   0.633     0.90
   56924955       194 1.588 0.639 0.041  0.0194     | 0.0224 [0.0088,0.0423]   0.631     0.50
   63728127       237 1.586 0.591 0.055  0.0360     | 0.0182 [0.0068,0.0357]   0.627     0.95
   217740015      249 1.586 0.622 0.056  0.0202     | 0.0185 [0.0069,0.0341]   0.634     0.64
   1200991791     251 1.586 0.641 0.048  0.0198     | 0.0165 [0.0062,0.0334]   0.628     0.78
   1827397567     273 1.601 0.656 0.062  0.0541     | 0.0156 [0.0077,0.0269]   0.633     1.00
   2788008987     282 1.585 0.635 0.064  0.0172     | 0.0164 [0.0057,0.0359]   0.629     0.64
   12235060455    345 1.586 0.635 0.052  0.0074     | 0.0136 [0.0051,0.0319]   0.629     0.24

[VII] depth below the wall at mid-path, -R_{N/2}: conditioned model vs records; scale check
   model N=50: mean depth   4.57; /sqrt(N) 0.647; /log2 N 0.810
   model N=100: mean depth   6.91; /sqrt(N) 0.691; /log2 N 1.041
   model N=200: mean depth  10.66; /sqrt(N) 0.754; /log2 N 1.394
   model N=400: mean depth  14.92; /sqrt(N) 0.746; /log2 N 1.726
   record 10087: N=66, depth   3.30; /sqrt(N) 0.407; /log2 N 0.547
   record 35655: N=85, depth   5.57; /sqrt(N) 0.604; /log2 N 0.869
   record 270271: N=103, depth  11.83; /sqrt(N) 1.166; /log2 N 1.770
   record 362343: N=104, depth   3.42; /sqrt(N) 0.335; /log2 N 0.510
   record 381727: N=109, depth   1.59; /sqrt(N) 0.152; /log2 N 0.235
   record 626331: N=111, depth  11.17; /sqrt(N) 1.060; /log2 N 1.644
   record 1027431: N=115, depth   6.34; /sqrt(N) 0.591; /log2 N 0.927
   record 1126015: N=141, depth   9.95; /sqrt(N) 0.838; /log2 N 1.393
   record 8088063: N=155, depth   4.04; /sqrt(N) 0.325; /log2 N 0.556
   record 13421671: N=181, depth   8.65; /sqrt(N) 0.643; /log2 N 1.153
   record 20638335: N=184, depth   1.82; /sqrt(N) 0.134; /log2 N 0.241
   record 26716671: N=188, depth   4.99; /sqrt(N) 0.364; /log2 N 0.660
   record 56924955: N=194, depth  10.74; /sqrt(N) 0.771; /log2 N 1.413
   record 63728127: N=237, depth   6.03; /sqrt(N) 0.391; /log2 N 0.764
   record 217740015: N=249, depth   6.54; /sqrt(N) 0.414; /log2 N 0.821
   record 1200991791: N=251, depth   9.12; /sqrt(N) 0.576; /log2 N 1.144
   record 1827397567: N=273, depth  16.55; /sqrt(N) 1.002; /log2 N 2.046
   record 2788008987: N=282, depth   4.48; /sqrt(N) 0.267; /log2 N 0.550
   record 12235060455: N=345, depth   7.61; /sqrt(N) 0.410; /log2 N 0.903

[XIV] pair geometry of U=0 records with exit >= 100: common word prefix, v2(mu_i - mu_j), orbit relations
   270271 ~ 381727: common word prefix 4, v2(diff) 5; orbits merge at value 5 (steps 149 from a, 136 from b)
   270271 ~ 1126015: common word prefix 5, v2(diff) 6; orbits merge at value 91 (steps 117 from a, 163 from b)
   270271 ~ 8088063: common word prefix 5, v2(diff) 6; orbits merge at value 1061 (steps 106 from a, 166 from b)
   270271 ~ 20638335: common word prefix 5, v2(diff) 6; orbits merge at value 91 (steps 117 from a, 226 from b)
   270271 ~ 26716671: common word prefix 5, v2(diff) 6; no merge before 1
   270271 ~ 63728127: common word prefix 5, v2(diff) 6; orbits merge at value 5 (steps 149 from a, 356 from b)
   270271 ~ 217740015: common word prefix 3, v2(diff) 4; orbits merge at value 577 (steps 142 from a, 288 from b)
   270271 ~ 1200991791: common word prefix 3, v2(diff) 4; orbits merge at value 23 (steps 146 from a, 322 from b)
   270271 ~ 1827397567: common word prefix 10, v2(diff) 14; orbits merge at value 91 (steps 117 from a, 314 from b)
   362343 ~ 381727: common word prefix 2, v2(diff) 3; orbits merge at value 543515 (steps 1 from a, 6 from b)
   362343 ~ 1027431: common word prefix 7, v2(diff) 9; orbits merge at value 65 (steps 124 from a, 130 from b)
   362343 ~ 13421671: common word prefix 6, v2(diff) 8; orbits merge at value 5 (steps 131 from a, 225 from b)
   362343 ~ 12235060455: common word prefix 5, v2(diff) 7; orbits merge at value 5 (steps 131 from a, 444 from b)
   381727 ~ 1126015: common word prefix 4, v2(diff) 5; orbits merge at value 5 (steps 136 from a, 195 from b)
   381727 ~ 8088063: common word prefix 4, v2(diff) 5; orbits merge at value 5 (steps 136 from a, 209 from b)
   381727 ~ 20638335: common word prefix 4, v2(diff) 5; orbits merge at value 5 (steps 136 from a, 258 from b)
   381727 ~ 26716671: common word prefix 4, v2(diff) 5; no merge before 1
   381727 ~ 63728127: common word prefix 4, v2(diff) 5; orbits merge at value 11 (steps 133 from a, 353 from b)
   381727 ~ 217740015: common word prefix 3, v2(diff) 4; orbits merge at value 5 (steps 136 from a, 295 from b)
   381727 ~ 1200991791: common word prefix 3, v2(diff) 4; orbits merge at value 5 (steps 136 from a, 325 from b)
   381727 ~ 1827397567: common word prefix 4, v2(diff) 5; orbits merge at value 5 (steps 136 from a, 346 from b)
   626331 ~ 56924955: common word prefix 5, v2(diff) 7; orbits merge at value 137 (steps 157 from a, 245 from b)
   626331 ~ 2788008987: common word prefix 5, v2(diff) 7; orbits merge at value 5 (steps 188 from a, 352 from b)
   1027431 ~ 13421671: common word prefix 6, v2(diff) 8; orbits merge at value 5 (steps 137 from a, 225 from b)
   1027431 ~ 12235060455: common word prefix 5, v2(diff) 7; orbits merge at value 5 (steps 137 from a, 444 from b)
   1126015 ~ 8088063: common word prefix 6, v2(diff) 7; orbits merge at value 91 (steps 163 from a, 177 from b)
   1126015 ~ 20638335: common word prefix 8, v2(diff) 10; orbits merge at value 161 (steps 161 from a, 224 from b)
   1126015 ~ 26716671: common word prefix 6, v2(diff) 7; no merge before 1
   1126015 ~ 63728127: common word prefix 6, v2(diff) 7; orbits merge at value 5 (steps 195 from a, 356 from b)
   1126015 ~ 217740015: common word prefix 3, v2(diff) 4; orbits merge at value 577 (steps 188 from a, 288 from b)
   1126015 ~ 1200991791: common word prefix 3, v2(diff) 4; orbits merge at value 23 (steps 192 from a, 322 from b)
   1126015 ~ 1827397567: common word prefix 5, v2(diff) 6; orbits merge at value 47 (steps 158 from a, 309 from b)
   8088063 ~ 20638335: common word prefix 6, v2(diff) 7; orbits merge at value 91 (steps 177 from a, 226 from b)
   8088063 ~ 26716671: common word prefix 12, v2(diff) 14; no merge before 1
   8088063 ~ 63728127: common word prefix 14, v2(diff) 16; orbits merge at value 5 (steps 209 from a, 356 from b)
   8088063 ~ 217740015: common word prefix 3, v2(diff) 4; orbits merge at value 577 (steps 202 from a, 288 from b)
   8088063 ~ 1200991791: common word prefix 3, v2(diff) 4; orbits merge at value 23 (steps 206 from a, 322 from b)
   8088063 ~ 1827397567: common word prefix 5, v2(diff) 6; orbits merge at value 91 (steps 177 from a, 314 from b)
   13421671 ~ 12235060455: common word prefix 5, v2(diff) 7; orbits merge at value 35 (steps 223 from a, 442 from b)
   20638335 ~ 26716671: common word prefix 6, v2(diff) 7; no merge before 1
   20638335 ~ 63728127: common word prefix 6, v2(diff) 7; orbits merge at value 5 (steps 258 from a, 356 from b)
   20638335 ~ 217740015: common word prefix 3, v2(diff) 4; orbits merge at value 577 (steps 251 from a, 288 from b)
   20638335 ~ 1200991791: common word prefix 3, v2(diff) 4; orbits merge at value 23 (steps 255 from a, 322 from b)
   20638335 ~ 1827397567: common word prefix 5, v2(diff) 6; orbits merge at value 161 (steps 224 from a, 312 from b)
   26716671 ~ 63728127: common word prefix 12, v2(diff) 14; no merge before 1
   26716671 ~ 217740015: common word prefix 3, v2(diff) 4; no merge before 1
   26716671 ~ 1200991791: common word prefix 3, v2(diff) 4; no merge before 1
   26716671 ~ 1827397567: common word prefix 5, v2(diff) 6; no merge before 1
   56924955 ~ 2788008987: common word prefix 6, v2(diff) 8; orbits merge at value 5 (steps 276 from a, 352 from b)
   63728127 ~ 217740015: common word prefix 3, v2(diff) 4; orbits merge at value 5 (steps 356 from a, 295 from b)
   63728127 ~ 1200991791: common word prefix 3, v2(diff) 4; orbits merge at value 5 (steps 356 from a, 325 from b)
   63728127 ~ 1827397567: common word prefix 5, v2(diff) 6; orbits merge at value 5 (steps 356 from a, 346 from b)
   217740015 ~ 1200991791: common word prefix 4, v2(diff) 6; orbits merge at value 23 (steps 292 from a, 322 from b)
   217740015 ~ 1827397567: common word prefix 3, v2(diff) 4; orbits merge at value 577 (steps 288 from a, 339 from b)
   1200991791 ~ 1827397567: common word prefix 3, v2(diff) 4; orbits merge at value 23 (steps 322 from a, 343 from b)
