[X-XII] M_0(X) vs independent-trials extreme-value prediction (exact P_N); Gumbel scale 1/(I0 ln 2) = 18.2 steps
   log2X  M_0  M/log2X  N_med  N_[10%,90%]   M-N_med   (log2X)/I0
      12    51   4.250     68  [52,94]     -17     151.3
      14    66   4.714     87  [71,115]     -21     176.5
      16    85   5.312    108  [90,136]     -23     201.7
      18    85   4.722    129  [111,158]     -44     226.9
      20   115   5.750    150  [132,180]     -35     252.1
      22   141   6.409    172  [153,202]     -31     277.4
      24   181   7.542    194  [175,225]     -13     302.6
      26   237   9.115    217  [197,247]     +20     327.8
      28   249   8.893    239  [220,270]     +10     353.0
      30   249   8.300    262  [242,294]     -13     378.2
      32   282   8.812    285  [266,317]      -3     403.4
      34   345  10.147    308  [288,340]     +37     428.7
      36   345   9.583    332  [311,364]     +13     453.9
      38   345   9.079    355  [335,387]     -10     479.1
      40   347   8.675    379  [358,411]     -32     504.3

[IX-b] survivors #{odd mu < X : exit > N} vs (X/2) P_N beyond the fresh-bit regime (N >= 26)
   X=2^36: N=30: 243078504/243080415.7=1.000  N=60: 21150282/21139298.7=1.001  N=100: 1187929/1185943.1=1.002  N=150: 44132/44074.4=1.001  N=200: 2124/1874.9=1.133  N=250: 91/90.8=1.002  N=300: 12/4.4=2.725
   X=2^40: N=30: 3889288447/3889286651.8=1.000  N=60: 338262284/338228779.2=1.000  N=100: 18987305/18975089.7=1.001  N=150: 702784/705190.0=0.997  N=200: 30237/29998.5=1.008  N=250: 1475/1452.9=1.015  N=300: 88/70.5=1.249

[XIII] 471 odd mu < 2^32 with exit >= 180
   orbit-merge clusters inside the confined windows: 152 clusters for 471 seeds; largest sizes [19, 17, 15, 15, 12, 9, 8, 8]
   pairwise common word-prefix length: genuine survivors vs exact survivor-model words (fraction of pairs)
