c=2  (rate alpha-I0 = 1.505644, I0 = 0.079319)
  phase window (0.2, 0.26):
     N     rho_tot  rho_shell |  Q_0.5      Q_1      Q_1.5     Q_2   |  Qm_1.5   | local slope of log2|W| - rate N (per log2 N)
     132    7.0321    3.5824 | 2.029e-01 2.3311   26.7827    307.71 |  47.0889  | 
     250    7.1862    3.6298 | 1.078e-01 1.7048   26.9558    426.21 |  51.5236  | -1.4899  (mass -1.3591)
     503    7.2610    3.6499 | 5.469e-02 1.2266   27.5108    617.00 |  54.7581  | -1.4709  (mass -1.4129)
    1009    7.2789    3.6497 | 2.765e-02 0.8784   27.9030    886.33 |  56.5586  | -1.4797  (mass -1.4535)
    2021    7.2839    3.6477 | 1.408e-02 0.6332   28.4654   1279.68 |  57.7090  | -1.4713  (mass -1.4710)
    4016    7.2932    3.6501 | 7.101e-03 0.4500   28.5165   1807.15 |  58.1854  | -1.4974  (mass -1.4880)
  phase window (0.45, 0.51):
     N     rho_tot  rho_shell |  Q_0.5      Q_1      Q_1.5     Q_2   |  Qm_1.5   | local slope of log2|W| - rate N (per log2 N)
     129    7.8035    4.0449 | 1.812e-01 2.0575   23.3685    265.42 |  45.9436  | 
     259    8.0356    4.1281 | 8.964e-02 1.4425   23.2155    373.62 |  50.5844  | -1.5094  (mass -1.3619)
     500    8.1046    4.1454 | 4.815e-02 1.0768   24.0771    538.38 |  53.7770  | -1.4446  (mass -1.4070)
    1006    8.1296    4.1480 | 2.428e-02 0.7700   24.4226    774.63 |  55.5786  | -1.4796  (mass -1.4529)
    2001    8.3874    4.2972 | 1.214e-02 0.5431   24.2959   1086.82 |  56.5555  | -1.5076  (mass -1.4747)
    4013    8.1504    4.1511 | 6.221e-03 0.3941   24.9638   1581.42 |  57.2003  | -1.4610  (mass -1.4837)
  phase window (0.7, 0.76):
     N     rho_tot  rho_shell |  Q_0.5      Q_1      Q_1.5     Q_2   |  Qm_1.5   | local slope of log2|W| - rate N (per log2 N)
     126    9.7071    6.3806 | 1.813e-01 2.0355   22.8486    256.47 |  45.7127  | 
     256   10.0285    6.5303 | 8.881e-02 1.4209   22.7343    363.75 |  50.5148  | -1.5071  (mass -1.3591)
     509   10.1569    6.5833 | 4.559e-02 1.0285   23.2035    523.50 |  53.6374  | -1.4703  (mass -1.4127)
    1003   10.1566    6.5665 | 2.384e-02 0.7550   23.9100    757.23 |  55.5521  | -1.4558  (mass -1.4483)
    2027   10.2139    6.5962 | 1.185e-02 0.5337   24.0277   1081.78 |  56.5543  | -1.4930  (mass -1.4746)
    4022   10.2305    6.6030 | 5.985e-03 0.3796   24.0724   1526.65 |  57.0269  | -1.4973  (mass -1.4879)
