c=3  (rate alpha-I0 = 1.505644, I0 = 0.079319)
  phase window (0.2, 0.26):
     N     rho_tot  rho_shell |  Q_0.5      Q_1      Q_1.5     Q_2   |  Qm_1.5   | local slope of log2|W| - rate N (per log2 N)
     132    9.2389    4.7278 | 7.064e-01 8.1161   93.2472   1071.33 |  82.2445  | 
     250    9.5024    4.8115 | 3.818e-01 6.0368   95.4502   1509.20 |  91.3216  | -1.4634  (mass -1.3361)
     503    9.6385    4.8509 | 1.956e-01 4.3859   98.3666   2206.13 |  97.9250  | -1.4570  (mass -1.4001)
    1009    9.6809    4.8571 | 9.936e-02 3.1562  100.2565   3184.62 | 101.6167  | -1.4727  (mass -1.4468)
    2021    9.6970    4.8577 | 5.073e-02 2.2806  102.5272   4609.16 | 103.9309  | -1.4678  (mass -1.4676)
    4016    9.7141    4.8625 | 2.561e-02 1.6227  102.8360   6516.92 | 104.9144  | -1.4956  (mass -1.4863)
  phase window (0.45, 0.51):
     N     rho_tot  rho_shell |  Q_0.5      Q_1      Q_1.5     Q_2   |  Qm_1.5   | local slope of log2|W| - rate N (per log2 N)
     129   10.2297    5.3268 | 6.302e-01 7.1579   81.2979    923.37 |  80.1950  | 
     259   10.6172    5.4672 | 3.176e-01 5.1115   82.2620   1323.88 |  89.7131  | -1.4831  (mass -1.3391)
     500   10.7525    5.5066 | 1.722e-01 3.8498   86.0846   1924.91 |  96.1658  | -1.4309  (mass -1.3944)
    1006   10.8096    5.5188 | 8.723e-02 2.7666   87.7503   2783.22 |  99.8547  | -1.4726  (mass -1.4462)
    2001   11.1642    5.7217 | 4.373e-02 1.9562   87.5073   3914.42 | 101.8510  | -1.5040  (mass -1.4712)
    4013   10.8551    5.5295 | 2.243e-02 1.4211   90.0243   5702.88 | 103.1381  | -1.4592  (mass -1.4820)
  phase window (0.7, 0.76):
     N     rho_tot  rho_shell |  Q_0.5      Q_1      Q_1.5     Q_2   |  Qm_1.5   | local slope of log2|W| - rate N (per log2 N)
     126   12.6947    8.3833 | 6.303e-01 7.0753   79.4205    891.49 |  79.7347  | 
     256   13.2357    8.6391 | 3.146e-01 5.0337   80.5393   1288.63 |  89.5721  | -1.4803  (mass -1.3359)
     509   13.4688    8.7405 | 1.630e-01 3.6778   82.9755   1872.01 |  95.9318  | -1.4566  (mass -1.4002)
    1003   13.5012    8.7343 | 8.565e-02 2.7125   85.9069   2720.69 |  99.8056  | -1.4488  (mass -1.4416)
    2027   13.5942    8.7820 | 4.270e-02 1.9223   86.5442   3896.41 | 101.8522  | -1.4895  (mass -1.4712)
    4022   13.6245    8.7949 | 2.158e-02 1.3688   86.8098   5505.41 | 102.8257  | -1.4955  (mass -1.4861)
