c=1  (rate alpha-I0 = 1.505644, I0 = 0.079319)
  phase window (0.2, 0.26):
     N     rho_tot  rho_shell |  Q_0.5      Q_1      Q_1.5     Q_2   |  Qm_1.5   | local slope of log2|W| - rate N (per log2 N)
     132    4.7700    2.4189 | 5.153e-02 0.5920    6.8019     78.15 |  23.8553  | 
     250    4.8424    2.4399 | 2.702e-02 0.4272    6.7546    106.80 |  25.7992  | -1.5109  (mass -1.3773)
     503    4.8738    2.4468 | 1.360e-02 0.3050    6.8409    153.43 |  27.2262  | -1.4818  (mass -1.4230)
    1009    4.8762    2.4434 | 6.850e-03 0.2176    6.9119    219.55 |  28.0187  | -1.4852  (mass -1.4588)
    2021    4.8747    2.4405 | 3.482e-03 0.1565    7.0377    316.38 |  28.5352  | -1.4740  (mass -1.4737)
    4016    4.8787    2.4413 | 1.754e-03 0.1111    7.0436    446.37 |  28.7437  | -1.4988  (mass -1.4894)
  phase window (0.45, 0.51):
     N     rho_tot  rho_shell |  Q_0.5      Q_1      Q_1.5     Q_2   |  Qm_1.5   | local slope of log2|W| - rate N (per log2 N)
     129    5.3053    2.7372 | 4.603e-02 0.5229    5.9385     67.45 |  23.2864  | 
     259    5.4192    2.7774 | 2.245e-02 0.3613    5.8142     93.57 |  25.3163  | -1.5303  (mass -1.3801)
     500    5.4430    2.7806 | 1.197e-02 0.2678    5.9874    133.88 |  26.7395  | -1.4554  (mass -1.4169)
    1006    5.4476    2.7778 | 6.014e-03 0.1907    6.0498    191.89 |  27.5335  | -1.4852  (mass -1.4581)
    2001    5.6142    2.8755 | 3.002e-03 0.1343    6.0070    268.71 |  27.9653  | -1.5103  (mass -1.4774)
    4013    5.4524    2.7766 | 1.537e-03 0.0973    6.1661    390.61 |  28.2571  | -1.4624  (mass -1.4851)
  phase window (0.7, 0.76):
     N     rho_tot  rho_shell |  Q_0.5      Q_1      Q_1.5     Q_2   |  Qm_1.5   | local slope of log2|W| - rate N (per log2 N)
     126    6.6155    4.3280 | 4.611e-02 0.5176    5.8103     65.22 |  23.1826  | 
     256    6.7708    4.3984 | 2.224e-02 0.3559    5.6946     91.11 |  25.2854  | -1.5284  (mass -1.3775)
     509    6.8245    4.4180 | 1.133e-02 0.2557    5.7693    130.16 |  26.6666  | -1.4810  (mass -1.4226)
    1003    6.8077    4.3986 | 5.905e-03 0.1870    5.9229    187.58 |  27.5207  | -1.4613  (mass -1.4535)
    2027    6.8375    4.4144 | 2.931e-03 0.1319    5.9405    267.46 |  27.9641  | -1.4958  (mass -1.4773)
    4022    6.8444    4.4168 | 1.478e-03 0.0938    5.9459    377.09 |  28.1713  | -1.4987  (mass -1.4892)
