c=0  (rate alpha-I0 = 1.505644, I0 = 0.079319)
  phase window (0.2, 0.26):
     N     rho_tot  rho_shell |  Q_0.5      Q_1      Q_1.5     Q_2   |  Qm_1.5   | local slope of log2|W| - rate N (per log2 N)
     132    2.4482    1.2358 | 9.824e-03 0.1129    1.2967     14.90 |   9.0779  | 
     250    2.4687    1.2408 | 5.100e-03 0.0806    1.2750     20.16 |   9.7340  | -1.5264  (mass -1.3907)
     503    2.4748    1.2409 | 2.553e-03 0.0573    1.2841     28.80 |  10.2197  | -1.4898  (mass -1.4303)
    1009    2.4711    1.2375 | 1.282e-03 0.0407    1.2938     41.10 |  10.4892  | -1.4892  (mass -1.4626)
    2021    2.4680    1.2352 | 6.509e-04 0.0293    1.3156     59.14 |  10.6681  | -1.4760  (mass -1.4757)
    4016    2.4688    1.2352 | 3.276e-04 0.0208    1.3158     83.38 |  10.7387  | -1.4998  (mass -1.4904)
  phase window (0.45, 0.51):
     N     rho_tot  rho_shell |  Q_0.5      Q_1      Q_1.5     Q_2   |  Qm_1.5   | local slope of log2|W| - rate N (per log2 N)
     129    2.7293    1.4015 | 8.780e-03 0.0997    1.1326     12.86 |   8.8647  | 
     259    2.7649    1.4137 | 4.236e-03 0.0682    1.0971     17.66 |   9.5483  | -1.5457  (mass -1.3934)
     500    2.7654    1.4109 | 2.248e-03 0.0503    1.1239     25.13 |  10.0373  | -1.4632  (mass -1.4241)
    1006    2.7614    1.4072 | 1.126e-03 0.0357    1.1325     35.92 |  10.3076  | -1.4892  (mass -1.4620)
    2001    2.8428    1.4556 | 5.612e-04 0.0251    1.1229     50.23 |  10.4552  | -1.5124  (mass -1.4793)
    4013    2.7593    1.4049 | 2.870e-04 0.0182    1.1518     72.97 |  10.5569  | -1.4634  (mass -1.4861)
  phase window (0.7, 0.76):
     N     rho_tot  rho_shell |  Q_0.5      Q_1      Q_1.5     Q_2   |  Qm_1.5   | local slope of log2|W| - rate N (per log2 N)
     126    3.4119    2.2214 | 8.799e-03 0.0988    1.1087     12.45 |   8.8289  | 
     256    3.4585    2.2412 | 4.198e-03 0.0672    1.0747     17.19 |   9.5378  | -1.5440  (mass -1.3911)
     509    3.4689    2.2429 | 2.128e-03 0.0480    1.0829     24.43 |  10.0090  | -1.4889  (mass -1.4298)
    1003    3.4518    2.2289 | 1.105e-03 0.0350    1.1087     35.11 |  10.3029  | -1.4653  (mass -1.4573)
    2027    3.4626    2.2348 | 5.478e-04 0.0247    1.1105     50.00 |  10.4545  | -1.4978  (mass -1.4792)
    4022    3.4640    2.2350 | 2.762e-04 0.0175    1.1107     70.44 |  10.5249  | -1.4997  (mass -1.4902)
