== U=0: exit-time record holders (mu >= 1000) ==
   mu          exit ratio  %1s  dmax %>=4 run  Rmin(at)      Rmax  log2(min m/mu) trailing1s  steps-to-1-after
   10087         66  4.96 0.62    7 0.045   6   -6.36( 16) -0.25    -3.39      3       15
   35655         85  5.62 0.62    6 0.059   7   -8.59( 54) -0.34    -0.28      3       34
   270271       103  5.71 0.63    9 0.058   7  -14.89( 87) -0.58    -6.75      6       47
   362343       104  5.63 0.66    6 0.067   9   -9.02( 65) -0.25    -1.16      3       28
   381727       109  5.88 0.66    6 0.064   9   -8.95( 70) -0.18    -1.24      5       28
   626331       111  5.76 0.63    5 0.054  13  -11.91( 46) -0.17    -0.07      2       78
   1027431      115  5.76 0.62    7 0.035   6  -12.50(100) -0.58    -0.73      3       23
   1126015      141  7.01 0.69   10 0.057  10  -14.71(126) -0.58    -3.52      7       55
   8088063      155  6.75 0.61    6 0.065   9   -9.38( 28) -0.58    -1.33      9       55
   13421671     181  7.64 0.68   10 0.072  11  -15.27(115) -0.58    -0.12      3       45
   20638335     184  7.57 0.67    8 0.054   8  -10.49( 47) -0.12    -1.37      7       75
   26716671     188  7.62 0.65   10 0.069  11  -15.49( 47) -0.20    -7.03      9       57
   56924955     194  7.53 0.64    6 0.041  11  -15.37(122) -0.17    -0.52      2       83
   63728127     237  9.14 0.59    5 0.055   8  -12.30( 33) -0.30    -0.36      9      120
   217740015    249  8.99 0.62    7 0.056   9  -11.91( 99) -0.07    -0.34      4       47
   1200991791   251  8.32 0.64    6 0.048   8  -13.27(168) -0.58    -0.17      4       75
   1827397567   273  8.87 0.66    8 0.062  12  -24.37(175) -0.11    -4.31      6       74
   2788008987   282  8.99 0.63    5 0.064  13  -13.26(209) -0.17    -0.04      2       71
   prefix of the largest record: [1, 2, 1, 1, 1, 1, 2, 1, 1, 1, 1, 1, 1, 2, 2, 2, 3, 1, 1, 1, 2, 2, 2, 1, 1, 2, 2, 2, 1, 1]
   record holders           n=   18: frac(d=1) 0.640, frac(d>=4) 0.057, longest 1-run   9.3, Rmin  -12.67, trailing 1s of mu  4.83, exit  168.2
   ordinary 32-bit          n= 3000: frac(d=1) 0.271, frac(d>=4) 0.199, longest 1-run   1.1, Rmin   -0.01, trailing 1s of mu  1.98, exit    3.5
   32-bit with exit>=100    n=  200: frac(d=1) 0.628, frac(d>=4) 0.052, longest 1-run   8.7, Rmin  -11.69, trailing 1s of mu  5.12, exit  115.3
== U=2: exit-time record holders (mu >= 1000) ==
   mu          exit ratio  %1s  dmax %>=4 run  Rmin(at)      Rmax  log2(min m/mu) trailing1s  steps-to-1-after
   1249          53  5.15 0.62    6 0.075   5   -6.06( 36)  0.83    -2.99      1       11
   1665          54  5.05 0.61    6 0.074   5   -5.64( 37)  1.25    -3.41      1       11
   2223          55  4.95 0.65    6 0.091   5   -5.23( 38)  0.08    -3.82      4       11
   2463          65  5.77 0.62    6 0.077   5   -5.08( 48)  1.81    -3.97      5       11
   10087         66  4.96 0.62    7 0.045   6   -6.36( 16) -0.25    -3.39      3       15
   13449         67  4.89 0.61    7 0.045   6   -5.94( 17)  0.42    -3.81      1       15
   31879         70  4.68 0.61    7 0.057   6   -4.70( 20)  1.66    -5.05      3       15
   35655         88  5.82 0.61    6 0.057   7   -8.59( 54)  1.69    -2.52      3       31
   60975        102  6.42 0.66    6 0.078   9  -11.66( 49)  1.92    -2.33      4       21
   142587       111  6.48 0.67    6 0.090   9  -10.44( 64)  1.43    -3.07      2       27
   626331       119  6.18 0.62    5 0.059  13  -11.91( 46)  1.31    -2.39      2       70
   837799       135  6.86 0.62    7 0.052   7  -10.21( 26)  0.88    -2.03      3       60
   1117065      136  6.77 0.62    7 0.051   7   -9.79( 27)  1.29    -2.45      1       60
   1126015      141  7.01 0.69   10 0.057  10  -14.71(126) -0.58    -3.52      7       55
   1394431      147  7.20 0.62    5 0.054   7   -9.97( 82)  1.77    -2.01      8       23
   5623723      149  6.64 0.66   10 0.054  10  -12.38(134)  1.74    -5.84      2       55
   6206655      161  7.13 0.61    7 0.056   9  -15.99( 94)  1.41    -2.82      6       17
   6649279      191  8.43 0.66    6 0.068   9   -9.57(148)  0.18    -2.27      6       57
   8865705      192  8.32 0.66    6 0.068   9   -9.16(149)  0.60    -2.69      1       57
   10507503     195  8.36 0.66    6 0.067   9   -8.91(152)  0.84    -2.93      4       57
   56924955     200  7.76 0.63    6 0.040  11  -15.37(122)  1.59    -2.01      2       77
   63728127     240  9.26 0.58    5 0.054   8  -12.30( 33)  1.19    -2.61      9      117
   156977263    253  9.29 0.66    8 0.059  11  -20.74( 97)  0.76    -2.00      4       83
   209303017    254  9.19 0.66    8 0.059  11  -20.33( 98)  1.17    -2.42      1       83
   279070689    255  9.09 0.66    8 0.059  11  -19.91( 99)  1.59    -2.83      1       83
   611703087    256  8.77 0.61    7 0.055   9  -10.42(105)  1.83    -2.25      4       46
   644427943    261  8.92 0.62    7 0.057   9  -10.35(110)  1.91    -2.32      3       46
   1827397567   273  8.87 0.66    8 0.062  12  -24.37(175) -0.11    -4.31      6       74
   2165804523   276  8.90 0.65    8 0.062  12  -24.12(178)  0.25    -4.55      2       74
   2788008987   295  9.40 0.64    7 0.068  13  -13.26(209)  0.04    -3.44      2       58
   prefix of the largest record: [1, 2, 1, 1, 1, 1, 2, 1, 1, 1, 1, 1, 1, 2, 2, 2, 3, 1, 1, 1, 2, 2, 2, 1, 1, 2, 2, 2, 1, 1]
   record holders           n=   30: frac(d=1) 0.636, frac(d>=4) 0.062, longest 1-run   8.7, Rmin  -11.78, trailing 1s of mu  3.37, exit  162.0
   ordinary 32-bit          n= 3000: frac(d=1) 0.357, frac(d>=4) 0.270, longest 1-run   2.0, Rmin   -0.51, trailing 1s of mu  1.95, exit    8.1
   32-bit with exit>=100    n=  200: frac(d=1) 0.618, frac(d>=4) 0.055, longest 1-run   8.8, Rmin  -10.04, trailing 1s of mu  3.61, exit  115.8

== exact uniform sampling of 0-confined words of length N (backward-count DP) ==
   N=200: mean R at N/2 = -10.79 (sqrt(N) = 14.1); P(dip below -1.036 log2 n somewhere in [N/4,3N/4]) = 0.998; mean #{n: R_n >= -5} = 54.8 of 200
   N=400: mean R at N/2 = -14.31 (sqrt(N) = 20.0); P(dip below -1.036 log2 n somewhere in [N/4,3N/4]) = 1.000; mean #{n: R_n >= -5} = 61.1 of 400
