c=1 N=8 sN=13 phi=0.6797 words=698
  x=0 count=331 mean_u=0.50138 var_u=0.07731 (unif 0.08333) KS64=0.02488 top=0.49245 rmin=207 low16: 0.0574 0.0574 0.0000 0.1994 0.1994 0.1994 0.0000 0.2870
  x=1 count=218 mean_u=0.48374 var_u=0.08784 (unif 0.08333) KS64=0.04888 top=0.46789 rmin=55 low16: 0.0550 0.0550 0.0000 0.1972 0.1972 0.1972 0.0000 0.2982
  x=2 count=105 mean_u=0.49523 var_u=0.09068 (unif 0.08333) KS64=0.04792 top=0.51429 rmin=27 low16: 0.0476 0.0476 0.0000 0.1905 0.1905 0.1905 0.0000 0.3333
  x=3 count=35 mean_u=0.45635 var_u=0.06910 (unif 0.08333) KS64=0.13304 top=0.48571 rmin=91 low16: 0.0286 0.0286 0.0000 0.1714 0.1714 0.1714 0.0000 0.4286
  x=4 count=8 mean_u=0.56128 var_u=0.05848 (unif 0.08333) KS64=0.23438 top=0.62500 rmin=159 low16: 0.0000 0.0000 0.0000 0.1250 0.1250 0.1250 0.0000 0.6250
  x=5 count=1 mean_u=0.99805 var_u=0.00000 (unif 0.08333) KS64=0.98438 top=1.00000 rmin=511 low16: 0.0000 0.0000 0.0000 0.0000 0.0000 0.0000 0.0000 1.0000
  pairs all total=243253  q:frac 1:0.37338 2:0.25034 3:0.16214 4:0.09279 5:0.05174 6:0.03183 7:0.01724 8:0.00886 9:0.00598 10:0.00302 11:0.00179 12:0.00090
  pairs x=0 total=54615  q:frac 1:0.38286 2:0.25057 3:0.16073 4:0.09036 5:0.04922 6:0.03102 7:0.01657 8:0.00784 9:0.00621 10:0.00256 11:0.00207
  pairs x=1 total=23653  q:frac 1:0.37902 2:0.25113 3:0.16180 4:0.09174 5:0.05061 6:0.03141 7:0.01691 8:0.00850 9:0.00592 10:0.00296
c=1 N=9 sN=15 phi=0.2647 words=1966
  x=0 count=698 mean_u=0.49886 var_u=0.08198 (unif 0.08333) KS64=0.01334 top=0.49713 rmin=127 low16: 0.0530 0.0530 0.0000 0.1948 0.1948 0.1948 0.0000 0.3095
  x=1 count=698 mean_u=0.49771 var_u=0.08287 (unif 0.08333) KS64=0.01558 top=0.49713 rmin=73 low16: 0.0530 0.0530 0.0000 0.1948 0.1948 0.1948 0.0000 0.3095
  x=2 count=367 mean_u=0.49959 var_u=0.08611 (unif 0.08333) KS64=0.02486 top=0.50409 rmin=41 low16: 0.0490 0.0490 0.0000 0.1907 0.1907 0.1907 0.0000 0.3297
  x=3 count=149 mean_u=0.48149 var_u=0.08145 (unif 0.08333) KS64=0.05505 top=0.46980 rmin=27 low16: 0.0403 0.0403 0.0000 0.1812 0.1812 0.1812 0.0000 0.3758
  x=4 count=44 mean_u=0.46553 var_u=0.07293 (unif 0.08333) KS64=0.08665 top=0.47727 rmin=111 low16: 0.0227 0.0227 0.0000 0.1591 0.1591 0.1591 0.0000 0.4773
  x=5 count=9 mean_u=0.61051 var_u=0.08774 (unif 0.08333) KS64=0.27604 top=0.66667 rmin=159 low16: 0.0000 0.0000 0.0000 0.1111 0.1111 0.1111 0.0000 0.6667
  x=6 count=1 mean_u=0.99902 var_u=0.00000 (unif 0.08333) KS64=0.98438 top=1.00000 rmin=1023 low16: 0.0000 0.0000 0.0000 0.0000 0.0000 0.0000 0.0000 1.0000
  pairs all total=1931595  q:frac 1:0.36718 2:0.24988 3:0.16297 4:0.09441 5:0.05338 6:0.03251 7:0.01777 8:0.00939 9:0.00598 10:0.00312 11:0.00176 12:0.00091 13:0.00038 14:0.00036
  pairs x=0 total=243253  q:frac 1:0.37338 2:0.25034 3:0.16214 4:0.09279 5:0.05174 6:0.03183 7:0.01724 8:0.00886 9:0.00598 10:0.00302 11:0.00179 12:0.00090
  pairs x=1 total=243253  q:frac 1:0.37338 2:0.25034 3:0.16214 4:0.09279 5:0.05174 6:0.03183 7:0.01724 8:0.00886 9:0.00598 10:0.00302 11:0.00179 12:0.00090
c=1 N=10 sN=16 phi=0.8496 words=4072
  x=0 count=1966 mean_u=0.49741 var_u=0.08266 (unif 0.08333) KS64=0.00758 top=0.49390 rmin=183 low16: 0.0504 0.0504 0.0000 0.1918 0.1918 0.1918 0.0000 0.3240
  x=1 count=1268 mean_u=0.49576 var_u=0.08453 (unif 0.08333) KS64=0.01015 top=0.49369 rmin=55 low16: 0.0489 0.0489 0.0000 0.1901 0.1901 0.1901 0.0000 0.3320
  x=2 count=570 mean_u=0.49800 var_u=0.08395 (unif 0.08333) KS64=0.01294 top=0.50000 rmin=27 low16: 0.0439 0.0439 0.0000 0.1842 0.1842 0.1842 0.0000 0.3596
  x=3 count=203 mean_u=0.49195 var_u=0.08260 (unif 0.08333) KS64=0.02909 top=0.50246 rmin=31 low16: 0.0345 0.0345 0.0000 0.1724 0.1724 0.1724 0.0000 0.4138
  x=4 count=54 mean_u=0.48130 var_u=0.08646 (unif 0.08333) KS64=0.05961 top=0.50000 rmin=111 low16: 0.0185 0.0185 0.0000 0.1481 0.1481 0.1481 0.0000 0.5185
  x=5 count=10 mean_u=0.64971 var_u=0.05127 (unif 0.08333) KS64=0.29688 top=0.70000 rmin=1263 low16: 0.0000 0.0000 0.0000 0.1000 0.1000 0.1000 0.0000 0.7000
  x=6 count=1 mean_u=0.99951 var_u=0.00000 (unif 0.08333) KS64=0.98438 top=1.00000 rmin=2047 low16: 0.0000 0.0000 0.0000 0.0000 0.0000 0.0000 0.0000 1.0000
  pairs all total=8288556  q:frac 1:0.36070 2:0.24928 3:0.16388 4:0.09623 5:0.05519 6:0.03340 7:0.01843 8:0.00995 9:0.00607 10:0.00323 11:0.00178 12:0.00093 13:0.00047 14:0.00031 15:0.00015
  pairs x=0 total=1931595  q:frac 1:0.36718 2:0.24988 3:0.16297 4:0.09441 5:0.05338 6:0.03251 7:0.01777 8:0.00939 9:0.00598 10:0.00312 11:0.00176 12:0.00091 13:0.00038 14:0.00036
  pairs x=1 total=803278  q:frac 1:0.36400 2:0.24971 3:0.16351 4:0.09537 5:0.05433 6:0.03295 7:0.01810 8:0.00970 9:0.00601 10:0.00318 11:0.00176 12:0.00091 13:0.00046
c=1 N=11 sN=18 phi=0.4346 words=11433
  x=0 count=4072 mean_u=0.50112 var_u=0.08491 (unif 0.08333) KS64=0.00909 top=0.50565 rmin=479 low16: 0.0476 0.0476 0.0000 0.1884 0.1884 0.1884 0.0000 0.3396
  x=1 count=4072 mean_u=0.50199 var_u=0.08264 (unif 0.08333) KS64=0.00648 top=0.50540 rmin=73 low16: 0.0476 0.0476 0.0000 0.1884 0.1884 0.1884 0.0000 0.3396
  x=2 count=2106 mean_u=0.50012 var_u=0.08343 (unif 0.08333) KS64=0.00683 top=0.50047 rmin=55 low16: 0.0451 0.0451 0.0000 0.1852 0.1852 0.1852 0.0000 0.3542
  x=3 count=838 mean_u=0.48913 var_u=0.08235 (unif 0.08333) KS64=0.02245 top=0.48329 rmin=27 low16: 0.0394 0.0394 0.0000 0.1778 0.1778 0.1778 0.0000 0.3878
  x=4 count=268 mean_u=0.49974 var_u=0.08470 (unif 0.08333) KS64=0.01912 top=0.51119 rmin=223 low16: 0.0299 0.0299 0.0000 0.1642 0.1642 0.1642 0.0000 0.4478
  x=5 count=65 mean_u=0.53068 var_u=0.08989 (unif 0.08333) KS64=0.05913 top=0.55385 rmin=111 low16: 0.0154 0.0154 0.0000 0.1385 0.1385 0.1385 0.0000 0.5538
  x=6 count=11 mean_u=0.49986 var_u=0.06951 (unif 0.08333) KS64=0.17188 top=0.36364 rmin=1471 low16: 0.0000 0.0000 0.0000 0.0909 0.0909 0.0909 0.0000 0.7273
  pairs all total=65351028  q:frac 1:0.35634 2:0.24872 3:0.16443 4:0.09744 5:0.05641 6:0.03407 7:0.01892 8:0.01033 9:0.00618 10:0.00331 11:0.00181 12:0.00095 13:0.00050 14:0.00030 15:0.00015 16:0.00006 17:0.00006
  pairs x=0 total=8288556  q:frac 1:0.36070 2:0.24928 3:0.16388 4:0.09623 5:0.05519 6:0.03340 7:0.01843 8:0.00995 9:0.00607 10:0.00323 11:0.00178 12:0.00093 13:0.00047 14:0.00031 15:0.00015
  pairs x=1 total=8288556  q:frac 1:0.36070 2:0.24928 3:0.16388 4:0.09623 5:0.05519 6:0.03340 7:0.01843 8:0.00995 9:0.00607 10:0.00323 11:0.00178 12:0.00093 13:0.00047 14:0.00031 15:0.00015
c=1 N=12 sN=20 phi=0.0196 words=35134
  x=0 count=11433 mean_u=0.49799 var_u=0.08360 (unif 0.08333) KS64=0.00486 top=0.49961 rmin=603 low16: 0.0459 0.0459 0.0000 0.1860 0.1860 0.1860 0.0000 0.3500
  x=1 count=11433 mean_u=0.50167 var_u=0.08329 (unif 0.08333) KS64=0.00533 top=0.50529 rmin=161 low16: 0.0459 0.0459 0.0000 0.1860 0.1860 0.1860 0.0000 0.3500
  x=2 count=7361 mean_u=0.50594 var_u=0.08357 (unif 0.08333) KS64=0.01174 top=0.50958 rmin=73 low16: 0.0450 0.0450 0.0000 0.1848 0.1848 0.1848 0.0000 0.3558
  x=3 count=3289 mean_u=0.49708 var_u=0.08114 (unif 0.08333) KS64=0.01374 top=0.49438 rmin=41 low16: 0.0417 0.0417 0.0000 0.1803 0.1803 0.1803 0.0000 0.3758
  x=4 count=1183 mean_u=0.49540 var_u=0.08181 (unif 0.08333) KS64=0.01424 top=0.49620 rmin=27 low16: 0.0355 0.0355 0.0000 0.1716 0.1716 0.1716 0.0000 0.4142
  x=5 count=345 mean_u=0.48613 var_u=0.08775 (unif 0.08333) KS64=0.04063 top=0.47826 rmin=639 low16: 0.0261 0.0261 0.0000 0.1565 0.1565 0.1565 0.0000 0.4783
  x=6 count=77 mean_u=0.53243 var_u=0.08580 (unif 0.08333) KS64=0.07123 top=0.55844 rmin=703 low16: 0.0130 0.0130 0.0000 0.1299 0.1299 0.1299 0.0000 0.5844
  pairs all total=617181411  q:frac 1:0.35311 2:0.24824 3:0.16481 4:0.09834 5:0.05733 6:0.03460 7:0.01932 8:0.01062 9:0.00629 10:0.00338 11:0.00185 12:0.00098 13:0.00052 14:0.00030 15:0.00016 16:0.00008 17:0.00006 18:0.00002 19:0.00002
  pairs x=0 total=65351028  q:frac 1:0.35634 2:0.24872 3:0.16443 4:0.09744 5:0.05641 6:0.03407 7:0.01892 8:0.01033 9:0.00618 10:0.00331 11:0.00181 12:0.00095 13:0.00050 14:0.00030 15:0.00015 16:0.00006 17:0.00006
  pairs x=1 total=65351028  q:frac 1:0.35634 2:0.24872 3:0.16443 4:0.09744 5:0.05641 6:0.03407 7:0.01892 8:0.01033 9:0.00618 10:0.00331 11:0.00181 12:0.00095 13:0.00050 14:0.00030 15:0.00015 16:0.00006 17:0.00006
c=1 N=13 sN=21 phi=0.6045 words=78167
  x=0 count=35134 mean_u=0.49948 var_u=0.08352 (unif 0.08333) KS64=0.00172 top=0.49989 rmin=425 low16: 0.0447 0.0447 0.0000 0.1843 0.1843 0.1843 0.0000 0.3577
  x=1 count=23701 mean_u=0.50135 var_u=0.08328 (unif 0.08333) KS64=0.00309 top=0.50175 rmin=107 low16: 0.0441 0.0441 0.0000 0.1835 0.1835 0.1835 0.0000 0.3615
  x=2 count=12268 mean_u=0.50437 var_u=0.08317 (unif 0.08333) KS64=0.00864 top=0.50408 rmin=55 low16: 0.0424 0.0424 0.0000 0.1810 0.1810 0.1810 0.0000 0.3721
  x=3 count=4907 mean_u=0.49406 var_u=0.08327 (unif 0.08333) KS64=0.01200 top=0.49134 rmin=27 low16: 0.0385 0.0385 0.0000 0.1755 0.1755 0.1755 0.0000 0.3966
  x=4 count=1618 mean_u=0.49989 var_u=0.08361 (unif 0.08333) KS64=0.00952 top=0.50371 rmin=31 low16: 0.0321 0.0321 0.0000 0.1656 0.1656 0.1656 0.0000 0.4388
  x=5 count=435 mean_u=0.49450 var_u=0.08646 (unif 0.08333) KS64=0.02080 top=0.49655 rmin=703 low16: 0.0230 0.0230 0.0000 0.1494 0.1494 0.1494 0.0000 0.5057
  x=6 count=90 mean_u=0.51665 var_u=0.07674 (unif 0.08333) KS64=0.06979 top=0.50000 rmin=871 low16: 0.0111 0.0111 0.0000 0.1222 0.1222 0.1222 0.0000 0.6111
  pairs all total=3055000861  q:frac 1:0.34945 2:0.24763 3:0.16520 4:0.09935 5:0.05837 6:0.03524 7:0.01979 8:0.01096 9:0.00644 10:0.00348 11:0.00190 12:0.00101 13:0.00054 14:0.00030 15:0.00016 16:0.00008 17:0.00005 18:0.00003 19:0.00002 20:0.00001
  pairs x=0 total=617181411  q:frac 1:0.35311 2:0.24824 3:0.16481 4:0.09834 5:0.05733 6:0.03460 7:0.01932 8:0.01062 9:0.00629 10:0.00338 11:0.00185 12:0.00098 13:0.00052 14:0.00030 15:0.00016 16:0.00008 17:0.00006 18:0.00002 19:0.00002
  pairs x=1 total=280856850  q:frac 1:0.35155 2:0.24799 3:0.16498 4:0.09878 5:0.05777 6:0.03487 7:0.01952 8:0.01076 9:0.00635 10:0.00343 11:0.00187 12:0.00099 13:0.00053 14:0.00030 15:0.00016 16:0.00008 17:0.00005 18:0.00003
c=1 N=14 sN=23 phi=0.1895 words=228578
  x=0 count=78167 mean_u=0.50029 var_u=0.08317 (unif 0.08333) KS64=0.00131 top=0.50079 rmin=567 low16: 0.0433 0.0433 0.0000 0.1823 0.1823 0.1823 0.0000 0.3664
  x=1 count=78167 mean_u=0.49988 var_u=0.08346 (unif 0.08333) KS64=0.00096 top=0.50010 rmin=143 low16: 0.0433 0.0433 0.0000 0.1823 0.1823 0.1823 0.0000 0.3664
  x=2 count=43033 mean_u=0.50125 var_u=0.08341 (unif 0.08333) KS64=0.00246 top=0.50143 rmin=71 low16: 0.0422 0.0422 0.0000 0.1807 0.1807 0.1807 0.0000 0.3735
  x=3 count=19332 mean_u=0.50133 var_u=0.08334 (unif 0.08333) KS64=0.00323 top=0.50062 rmin=55 low16: 0.0399 0.0399 0.0000 0.1773 0.1773 0.1773 0.0000 0.3883
  x=4 count=7064 mean_u=0.49871 var_u=0.08310 (unif 0.08333) KS64=0.00448 top=0.50071 rmin=27 low16: 0.0357 0.0357 0.0000 0.1707 0.1707 0.1707 0.0000 0.4165
  x=5 count=2157 mean_u=0.49557 var_u=0.08284 (unif 0.08333) KS64=0.01294 top=0.49281 rmin=31 low16: 0.0292 0.0292 0.0000 0.1599 0.1599 0.1599 0.0000 0.4618
  x=6 count=539 mean_u=0.50195 var_u=0.08582 (unif 0.08333) KS64=0.01803 top=0.50835 rmin=703 low16: 0.0204 0.0204 0.0000 0.1429 0.1429 0.1429 0.0000 0.5306
  pairs all total=26123836753  q:frac 1:0.34683 2:0.24714 3:0.16546 4:0.10007 5:0.05911 6:0.03572 7:0.02015 8:0.01122 9:0.00656 10:0.00356 11:0.00194 12:0.00104 13:0.00055 14:0.00031 15:0.00016 16:0.00009 17:0.00005 18:0.00003 19:0.00001 20:0.00001 21:0.00000 22:0.00000
  pairs x=0 total=3055000861  q:frac 1:0.34945 2:0.24763 3:0.16520 4:0.09935 5:0.05837 6:0.03524 7:0.01979 8:0.01096 9:0.00644 10:0.00348 11:0.00190 12:0.00101 13:0.00054 14:0.00030 15:0.00016 16:0.00008 17:0.00005 18:0.00003 19:0.00002 20:0.00001
  pairs x=1 total=3055000861  q:frac 1:0.34945 2:0.24763 3:0.16520 4:0.09935 5:0.05837 6:0.03524 7:0.01979 8:0.01096 9:0.00644 10:0.00348 11:0.00190 12:0.00101 13:0.00054 14:0.00030 15:0.00016 16:0.00008 17:0.00005 18:0.00003 19:0.00002 20:0.00001
c=1 N=15 sN=24 phi=0.7744 words=493931
  x=0 count=228578 mean_u=0.50036 var_u=0.08323 (unif 0.08333) KS64=0.00102 top=0.50026 rmin=377 low16: 0.0424 0.0424 0.0000 0.1809 0.1809 0.1809 0.0000 0.3726
  x=1 count=150411 mean_u=0.49932 var_u=0.08326 (unif 0.08333) KS64=0.00163 top=0.49876 rmin=95 low16: 0.0419 0.0419 0.0000 0.1801 0.1801 0.1801 0.0000 0.3758
  x=2 count=72244 mean_u=0.50076 var_u=0.08353 (unif 0.08333) KS64=0.00175 top=0.50090 rmin=47 low16: 0.0404 0.0404 0.0000 0.1778 0.1778 0.1778 0.0000 0.3860
  x=3 count=29211 mean_u=0.50061 var_u=0.08345 (unif 0.08333) KS64=0.00215 top=0.50091 rmin=55 low16: 0.0376 0.0376 0.0000 0.1735 0.1735 0.1735 0.0000 0.4043
  x=4 count=9879 mean_u=0.49899 var_u=0.08349 (unif 0.08333) KS64=0.00371 top=0.50066 rmin=27 low16: 0.0331 0.0331 0.0000 0.1661 0.1661 0.1661 0.0000 0.4355
  x=5 count=2815 mean_u=0.50004 var_u=0.08280 (unif 0.08333) KS64=0.00882 top=0.50622 rmin=111 low16: 0.0266 0.0266 0.0000 0.1545 0.1545 0.1545 0.0000 0.4831
  x=6 count=658 mean_u=0.51562 var_u=0.08463 (unif 0.08333) KS64=0.03258 top=0.52736 rmin=871 low16: 0.0182 0.0182 0.0000 0.1368 0.1368 0.1368 0.0000 0.5532
  pairs all total=121983669415  q:frac 1:0.34385 2:0.24654 3:0.16572 4:0.10087 5:0.05997 6:0.03628 7:0.02058 8:0.01152 9:0.00671 10:0.00366 11:0.00200 12:0.00107 13:0.00057 14:0.00032 15:0.00017 16:0.00009 17:0.00005 18:0.00003 19:0.00001 20:0.00001 21:0.00000 22:0.00000 23:0.00000
  pairs x=0 total=26123836753  q:frac 1:0.34683 2:0.24714 3:0.16546 4:0.10007 5:0.05911 6:0.03572 7:0.02015 8:0.01122 9:0.00656 10:0.00356 11:0.00194 12:0.00104 13:0.00055 14:0.00031 15:0.00016 16:0.00009 17:0.00005 18:0.00003 19:0.00001 20:0.00001 21:0.00000 22:0.00000
  pairs x=1 total=11311659255  q:frac 1:0.34547 2:0.24687 3:0.16558 4:0.10043 5:0.05950 6:0.03597 7:0.02034 8:0.01135 9:0.00662 10:0.00360 11:0.00197 12:0.00105 13:0.00056 14:0.00031 15:0.00017 16:0.00009 17:0.00005 18:0.00003 19:0.00001 20:0.00001 21:0.00000
c=1 N=16 sN=26 phi=0.3594 words=1428895
  x=0 count=493931 mean_u=0.50000 var_u=0.08330 (unif 0.08333) KS64=0.00077 top=0.50035 rmin=503 low16: 0.0413 0.0413 0.0000 0.1792 0.1792 0.1792 0.0000 0.3796
  x=1 count=493931 mean_u=0.50095 var_u=0.08330 (unif 0.08333) KS64=0.00196 top=0.50130 rmin=251 low16: 0.0413 0.0413 0.0000 0.1792 0.1792 0.1792 0.0000 0.3796
  x=2 count=265353 mean_u=0.49946 var_u=0.08305 (unif 0.08333) KS64=0.00216 top=0.49865 rmin=63 low16: 0.0404 0.0404 0.0000 0.1778 0.1778 0.1778 0.0000 0.3857
  x=3 count=114942 mean_u=0.49760 var_u=0.08337 (unif 0.08333) KS64=0.00451 top=0.49607 rmin=31 low16: 0.0385 0.0385 0.0000 0.1748 0.1748 0.1748 0.0000 0.3985
  x=4 count=42698 mean_u=0.50286 var_u=0.08336 (unif 0.08333) KS64=0.00651 top=0.50651 rmin=41 low16: 0.0355 0.0355 0.0000 0.1698 0.1698 0.1698 0.0000 0.4198
  x=5 count=13487 mean_u=0.50238 var_u=0.08254 (unif 0.08333) KS64=0.00666 top=0.50619 rmin=27 low16: 0.0308 0.0308 0.0000 0.1616 0.1616 0.1616 0.0000 0.4535
  x=6 count=3608 mean_u=0.50575 var_u=0.08387 (unif 0.08333) KS64=0.01164 top=0.50831 rmin=1161 low16: 0.0244 0.0244 0.0000 0.1494 0.1494 0.1494 0.0000 0.5030
  pairs all total=1020869746065  q:frac 1:0.34171 2:0.24607 3:0.16589 4:0.10143 5:0.06057 6:0.03670 7:0.02089 8:0.01174 9:0.00683 10:0.00373 11:0.00204 12:0.00110 13:0.00059 14:0.00032 15:0.00017 16:0.00009 17:0.00005 18:0.00003 19:0.00001 20:0.00001 21:0.00000 22:0.00000 23:0.00000 24:0.00000 25:0.00000
  pairs x=0 total=121983669415  q:frac 1:0.34385 2:0.24654 3:0.16572 4:0.10087 5:0.05997 6:0.03628 7:0.02058 8:0.01152 9:0.00671 10:0.00366 11:0.00200 12:0.00107 13:0.00057 14:0.00032 15:0.00017 16:0.00009 17:0.00005 18:0.00003 19:0.00001 20:0.00001 21:0.00000 22:0.00000 23:0.00000
  pairs x=1 total=121983669415  q:frac 1:0.34385 2:0.24654 3:0.16572 4:0.10087 5:0.05997 6:0.03628 7:0.02058 8:0.01152 9:0.00671 10:0.00366 11:0.00200 12:0.00107 13:0.00057 14:0.00032 15:0.00017 16:0.00009 17:0.00005 18:0.00003 19:0.00001 20:0.00001 21:0.00000 22:0.00000 23:0.00000
c=1 N=17 sN=27 phi=0.9444 words=3065018
  x=0 count=1428895 mean_u=0.50018 var_u=0.08334 (unif 0.08333) KS64=0.00042 top=0.50026 rmin=335 low16: 0.0406 0.0406 0.0000 0.1781 0.1781 0.1781 0.0000 0.3846
  x=1 count=934964 mean_u=0.50027 var_u=0.08332 (unif 0.08333) KS64=0.00075 top=0.50012 rmin=83 low16: 0.0402 0.0402 0.0000 0.1774 0.1774 0.1774 0.0000 0.3873
  x=2 count=441033 mean_u=0.49913 var_u=0.08339 (unif 0.08333) KS64=0.00196 top=0.49932 rmin=41 low16: 0.0390 0.0390 0.0000 0.1754 0.1754 0.1754 0.0000 0.3958
  x=3 count=175680 mean_u=0.49974 var_u=0.08346 (unif 0.08333) KS64=0.00231 top=0.50161 rmin=31 low16: 0.0368 0.0368 0.0000 0.1718 0.1718 0.1718 0.0000 0.4111
  x=4 count=60738 mean_u=0.50461 var_u=0.08274 (unif 0.08333) KS64=0.00758 top=0.50619 rmin=27 low16: 0.0334 0.0334 0.0000 0.1661 0.1661 0.1661 0.0000 0.4350
  x=5 count=18040 mean_u=0.49918 var_u=0.08382 (unif 0.08333) KS64=0.00653 top=0.49579 rmin=703 low16: 0.0287 0.0287 0.0000 0.1573 0.1573 0.1573 0.0000 0.4707
  x=6 count=4553 mean_u=0.50326 var_u=0.08525 (unif 0.08333) KS64=0.01331 top=0.50011 rmin=1819 low16: 0.0224 0.0224 0.0000 0.1445 0.1445 0.1445 0.0000 0.5216
  pairs all total=4697166137653  q:frac 1:0.33924 2:0.24551 3:0.16606 4:0.10208 5:0.06127 6:0.03719 7:0.02127 8:0.01201 9:0.00697 10:0.00383 11:0.00210 12:0.00113 13:0.00061 14:0.00033 15:0.00018 16:0.00009 17:0.00005 18:0.00003 19:0.00001 20:0.00001 21:0.00000 22:0.00000 23:0.00000 24:0.00000 25:0.00000 26:0.00000
  pairs x=0 total=1020869746065  q:frac 1:0.34171 2:0.24607 3:0.16589 4:0.10143 5:0.06057 6:0.03670 7:0.02089 8:0.01174 9:0.00683 10:0.00373 11:0.00204 12:0.00110 13:0.00059 14:0.00032 15:0.00017 16:0.00009 17:0.00005 18:0.00003 19:0.00001 20:0.00001 21:0.00000 22:0.00000 23:0.00000 24:0.00000 25:0.00000
  pairs x=1 total=437078373166  q:frac 1:0.34057 2:0.24582 3:0.16597 4:0.10173 5:0.06090 6:0.03692 7:0.02107 8:0.01187 9:0.00689 10:0.00378 11:0.00207 12:0.00111 13:0.00060 14:0.00033 15:0.00017 16:0.00009 17:0.00005 18:0.00003 19:0.00001 20:0.00001 21:0.00000 22:0.00000 23:0.00000 24:0.00000
c=1 N=18 sN=29 phi=0.5293 words=8842570
  x=0 count=3065018 mean_u=0.50004 var_u=0.08333 (unif 0.08333) KS64=0.00014 top=0.50006 rmin=595 low16: 0.0398 0.0398 0.0000 0.1767 0.1767 0.1767 0.0000 0.3903
  x=1 count=3065018 mean_u=0.50004 var_u=0.08333 (unif 0.08333) KS64=0.00015 top=0.50003 rmin=223 low16: 0.0398 0.0398 0.0000 0.1767 0.1767 0.1767 0.0000 0.3903
  x=2 count=1636123 mean_u=0.50003 var_u=0.08334 (unif 0.08333) KS64=0.00030 top=0.50007 rmin=55 low16: 0.0391 0.0391 0.0000 0.1755 0.1755 0.1755 0.0000 0.3953
  x=3 count=701159 mean_u=0.49964 var_u=0.08336 (unif 0.08333) KS64=0.00073 top=0.50002 rmin=27 low16: 0.0375 0.0375 0.0000 0.1729 0.1729 0.1729 0.0000 0.4061
  x=4 count=260126 mean_u=0.50002 var_u=0.08343 (unif 0.08333) KS64=0.00105 top=0.50053 rmin=31 low16: 0.0351 0.0351 0.0000 0.1687 0.1687 0.1687 0.0000 0.4236
  x=5 count=84446 mean_u=0.50373 var_u=0.08335 (unif 0.08333) KS64=0.00607 top=0.50470 rmin=103 low16: 0.0316 0.0316 0.0000 0.1624 0.1624 0.1624 0.0000 0.4496
  x=6 count=23708 mean_u=0.50252 var_u=0.08255 (unif 0.08333) KS64=0.00772 top=0.50447 rmin=703 low16: 0.0267 0.0267 0.0000 0.1532 0.1532 0.1532 0.0000 0.4871
  pairs all total=39095517681165  q:frac 1:0.33746 2:0.24508 3:0.16618 4:0.10253 5:0.06178 6:0.03755 7:0.02155 8:0.01221 9:0.00709 10:0.00390 11:0.00214 12:0.00116 13:0.00063 14:0.00034 15:0.00018 16:0.00010 17:0.00005 18:0.00003 19:0.00002 20:0.00001 21:0.00000 22:0.00000 23:0.00000 24:0.00000 25:0.00000 26:0.00000 27:0.00000 28:0.00000
  pairs x=0 total=4697166137653  q:frac 1:0.33924 2:0.24551 3:0.16606 4:0.10208 5:0.06127 6:0.03719 7:0.02127 8:0.01201 9:0.00697 10:0.00383 11:0.00210 12:0.00113 13:0.00061 14:0.00033 15:0.00018 16:0.00009 17:0.00005 18:0.00003 19:0.00001 20:0.00001 21:0.00000 22:0.00000 23:0.00000 24:0.00000 25:0.00000 26:0.00000
  pairs x=1 total=4697166137653  q:frac 1:0.33924 2:0.24551 3:0.16606 4:0.10208 5:0.06127 6:0.03719 7:0.02127 8:0.01201 9:0.00697 10:0.00383 11:0.00210 12:0.00113 13:0.00061 14:0.00033 15:0.00018 16:0.00009 17:0.00005 18:0.00003 19:0.00001 20:0.00001 21:0.00000 22:0.00000 23:0.00000 24:0.00000 25:0.00000 26:0.00000
c=1 N=19 sN=31 phi=0.1143 words=27781180
  x=0 count=8842570 mean_u=0.50002 var_u=0.08334 (unif 0.08333) KS64=0.00006 top=0.50001 rmin=111 low16: 0.0392 0.0392 0.0000 0.1757 0.1757 0.1757 0.0000 0.3944
  x=1 count=8842570 mean_u=0.49997 var_u=0.08333 (unif 0.08333) KS64=0.00007 top=0.49994 rmin=297 low16: 0.0392 0.0392 0.0000 0.1757 0.1757 0.1757 0.0000 0.3944
  x=2 count=5777552 mean_u=0.49999 var_u=0.08334 (unif 0.08333) KS64=0.00010 top=0.50002 rmin=73 low16: 0.0389 0.0389 0.0000 0.1752 0.1752 0.1752 0.0000 0.3966
  x=3 count=2712534 mean_u=0.50003 var_u=0.08334 (unif 0.08333) KS64=0.00016 top=0.50015 rmin=55 low16: 0.0379 0.0379 0.0000 0.1735 0.1735 0.1735 0.0000 0.4037
  x=4 count=1076411 mean_u=0.49998 var_u=0.08333 (unif 0.08333) KS64=0.00030 top=0.50026 rmin=27 low16: 0.0361 0.0361 0.0000 0.1704 0.1704 0.1704 0.0000 0.4165
  x=5 count=375252 mean_u=0.50046 var_u=0.08337 (unif 0.08333) KS64=0.00102 top=0.50068 rmin=91 low16: 0.0335 0.0335 0.0000 0.1657 0.1657 0.1657 0.0000 0.4359
  x=6 count=115126 mean_u=0.50178 var_u=0.08335 (unif 0.08333) KS64=0.00323 top=0.50107 rmin=937 low16: 0.0298 0.0298 0.0000 0.1589 0.1589 0.1589 0.0000 0.4637
  pairs all total=385896967205610  q:frac 1:0.33606 2:0.24473 3:0.16626 4:0.10289 5:0.06218 6:0.03784 7:0.02178 8:0.01237 9:0.00718 10:0.00396 11:0.00218 12:0.00118 13:0.00064 14:0.00035 15:0.00019 16:0.00010 17:0.00005 18:0.00003 19:0.00002 20:0.00001 21:0.00000 22:0.00000 23:0.00000 24:0.00000 25:0.00000 26:0.00000 27:0.00000 28:0.00000 29:0.00000 30:0.00000
  pairs x=0 total=39095517681165  q:frac 1:0.33746 2:0.24508 3:0.16618 4:0.10253 5:0.06178 6:0.03755 7:0.02155 8:0.01221 9:0.00709 10:0.00390 11:0.00214 12:0.00116 13:0.00063 14:0.00034 15:0.00018 16:0.00010 17:0.00005 18:0.00003 19:0.00002 20:0.00001 21:0.00000 22:0.00000 23:0.00000 24:0.00000 25:0.00000 26:0.00000 27:0.00000 28:0.00000
  pairs x=1 total=39095517681165  q:frac 1:0.33746 2:0.24508 3:0.16618 4:0.10253 5:0.06178 6:0.03755 7:0.02155 8:0.01221 9:0.00709 10:0.00390 11:0.00214 12:0.00116 13:0.00063 14:0.00034 15:0.00018 16:0.00010 17:0.00005 18:0.00003 19:0.00002 20:0.00001 21:0.00000 22:0.00000 23:0.00000 24:0.00000 25:0.00000 26:0.00000 27:0.00000 28:0.00000
c=1 N=20 sN=32 phi=0.6993 words=63473499
  x=0 count=27781180 mean_u=0.49998 var_u=0.08334 (unif 0.08333) KS64=0.00005 top=0.49996 rmin=2075 low16: 0.0388 0.0388 0.0000 0.1749 0.1749 0.1749 0.0000 0.3977
  x=1 count=18938610 mean_u=0.49999 var_u=0.08333 (unif 0.08333) KS64=0.00003 top=0.49999 rmin=263 low16: 0.0386 0.0386 0.0000 0.1746 0.1746 0.1746 0.0000 0.3992
  x=2 count=10096040 mean_u=0.49997 var_u=0.08334 (unif 0.08333) KS64=0.00008 top=0.49995 rmin=73 low16: 0.0380 0.0380 0.0000 0.1736 0.1736 0.1736 0.0000 0.4033
  x=3 count=4318488 mean_u=0.50003 var_u=0.08334 (unif 0.08333) KS64=0.00012 top=0.50005 rmin=41 low16: 0.0367 0.0367 0.0000 0.1714 0.1714 0.1714 0.0000 0.4123
  x=4 count=1605954 mean_u=0.50007 var_u=0.08332 (unif 0.08333) KS64=0.00027 top=0.50010 rmin=27 low16: 0.0347 0.0347 0.0000 0.1679 0.1679 0.1679 0.0000 0.4269
  x=5 count=529543 mean_u=0.50024 var_u=0.08327 (unif 0.08333) KS64=0.00072 top=0.50006 rmin=91 low16: 0.0319 0.0319 0.0000 0.1627 0.1627 0.1627 0.0000 0.4480
  x=6 count=154291 mean_u=0.50112 var_u=0.08332 (unif 0.08333) KS64=0.00167 top=0.50077 rmin=2155 low16: 0.0282 0.0282 0.0000 0.1554 0.1554 0.1554 0.0000 0.4773
  pairs all total=2014442505914751  q:frac 1:0.33440 2:0.24430 3:0.16634 4:0.10330 5:0.06264 6:0.03819 7:0.02205 8:0.01257 9:0.00729 10:0.00404 11:0.00223 12:0.00121 13:0.00066 14:0.00036 15:0.00019 16:0.00010 17:0.00006 18:0.00003 19:0.00002 20:0.00001 21:0.00000 22:0.00000 23:0.00000 24:0.00000 25:0.00000 26:0.00000 27:0.00000 28:0.00000 29:0.00000 30:0.00000 31:0.00000
  pairs x=0 total=385896967205610  q:frac 1:0.33606 2:0.24473 3:0.16626 4:0.10289 5:0.06218 6:0.03784 7:0.02178 8:0.01237 9:0.00718 10:0.00396 11:0.00218 12:0.00118 13:0.00064 14:0.00035 15:0.00019 16:0.00010 17:0.00005 18:0.00003 19:0.00002 20:0.00001 21:0.00000 22:0.00000 23:0.00000 24:0.00000 25:0.00000 26:0.00000 27:0.00000 28:0.00000 29:0.00000 30:0.00000
  pairs x=1 total=179335464896745  q:frac 1:0.33540 2:0.24456 3:0.16629 4:0.10305 5:0.06236 6:0.03798 7:0.02188 8:0.01245 9:0.00723 10:0.00399 11:0.00220 12:0.00119 13:0.00065 14:0.00035 15:0.00019 16:0.00010 17:0.00006 18:0.00003 19:0.00002 20:0.00001 21:0.00000 22:0.00000 23:0.00000 24:0.00000 25:0.00000 26:0.00000 27:0.00000 28:0.00000 29:0.00000
c=1 N=21 sN=34 phi=0.2842 words=189388403
  x=0 count=63473499 mean_u=0.49998 var_u=0.08333 (unif 0.08333) KS64=0.00005 top=0.49998 rmin=1307 low16: 0.0382 0.0382 0.0000 0.1740 0.1740 0.1740 0.0000 0.4015
  x=1 count=63473499 mean_u=0.49999 var_u=0.08333 (unif 0.08333) KS64=0.00003 top=0.50001 rmin=263 low16: 0.0382 0.0382 0.0000 0.1740 0.1740 0.1740 0.0000 0.4015
  x=2 count=35692319 mean_u=0.50001 var_u=0.08333 (unif 0.08333) KS64=0.00004 top=0.50003 rmin=175 low16: 0.0378 0.0378 0.0000 0.1733 0.1733 0.1733 0.0000 0.4044
  x=3 count=16753709 mean_u=0.49997 var_u=0.08333 (unif 0.08333) KS64=0.00006 top=0.49998 rmin=55 low16: 0.0370 0.0370 0.0000 0.1719 0.1719 0.1719 0.0000 0.4104
  x=4 count=6657669 mean_u=0.50002 var_u=0.08333 (unif 0.08333) KS64=0.00008 top=0.50005 rmin=27 low16: 0.0356 0.0356 0.0000 0.1693 0.1693 0.1693 0.0000 0.4211
  x=5 count=2339181 mean_u=0.50014 var_u=0.08333 (unif 0.08333) KS64=0.00031 top=0.50022 rmin=103 low16: 0.0334 0.0334 0.0000 0.1653 0.1653 0.1653 0.0000 0.4372
  x=6 count=733227 mean_u=0.50024 var_u=0.08331 (unif 0.08333) KS64=0.00057 top=0.50023 rmin=1915 low16: 0.0305 0.0305 0.0000 0.1598 0.1598 0.1598 0.0000 0.4597
  pairs all total=17933983500751004  q:frac 1:0.33316 2:0.24397 3:0.16640 4:0.10361 5:0.06299 6:0.03845 7:0.02226 8:0.01272 9:0.00738 10:0.00410 11:0.00226 12:0.00123 13:0.00067 14:0.00037 15:0.00020 16:0.00011 17:0.00006 18:0.00003 19:0.00002 20:0.00001 21:0.00000 22:0.00000 23:0.00000 24:0.00000 25:0.00000 26:0.00000 27:0.00000 28:0.00000 29:0.00000 30:0.00000 31:0.00000 32:0.00000 33:0.00000
  pairs x=0 total=2014442505914751  q:frac 1:0.33440 2:0.24430 3:0.16634 4:0.10330 5:0.06264 6:0.03819 7:0.02205 8:0.01257 9:0.00729 10:0.00404 11:0.00223 12:0.00121 13:0.00066 14:0.00036 15:0.00019 16:0.00010 17:0.00006 18:0.00003 19:0.00002 20:0.00001 21:0.00000 22:0.00000 23:0.00000 24:0.00000 25:0.00000 26:0.00000 27:0.00000 28:0.00000 29:0.00000 30:0.00000 31:0.00000
  pairs x=1 total=2014442505914751  q:frac 1:0.33440 2:0.24430 3:0.16634 4:0.10330 5:0.06264 6:0.03819 7:0.02205 8:0.01257 9:0.00729 10:0.00404 11:0.00223 12:0.00121 13:0.00066 14:0.00036 15:0.00019 16:0.00010 17:0.00006 18:0.00003 19:0.00002 20:0.00001 21:0.00000 22:0.00000 23:0.00000 24:0.00000 25:0.00000 26:0.00000 27:0.00000 28:0.00000 29:0.00000 30:0.00000 31:0.00000
