c=0 N=8 sN=12 phi=0.6797 words=173
  x=0 count=85 mean_u=0.48949 var_u=0.08331 (unif 0.08333) KS64=0.03842 top=0.48235 rmin=63 low16: 0.0000 0.0000 0.0000 0.2235 0.0000 0.2235 0.0000 0.5529
  x=1 count=55 mean_u=0.52071 var_u=0.08916 (unif 0.08333) KS64=0.07131 top=0.54545 rmin=27 low16: 0.0000 0.0000 0.0000 0.2182 0.0000 0.2182 0.0000 0.5636
  x=2 count=25 mean_u=0.42521 var_u=0.05883 (unif 0.08333) KS64=0.17688 top=0.44000 rmin=91 low16: 0.0000 0.0000 0.0000 0.2000 0.0000 0.2000 0.0000 0.6000
  x=3 count=7 mean_u=0.54646 var_u=0.06507 (unif 0.08333) KS64=0.18080 top=0.57143 rmin=159 low16: 0.0000 0.0000 0.0000 0.1429 0.0000 0.1429 0.0000 0.7143
  x=4 count=1 mean_u=0.99805 var_u=0.00000 (unif 0.08333) KS64=0.98438 top=1.00000 rmin=511 low16: 0.0000 0.0000 0.0000 0.0000 0.0000 0.0000 0.0000 1.0000
  pairs all total=14878  q:frac 2:0.33822 3:0.24620 4:0.15419 5:0.11480 6:0.06513 7:0.03361 8:0.02447 9:0.01230 10:0.00739 11:0.00370
  pairs x=0 total=3570  q:frac 2:0.35126 3:0.25014 4:0.14902 5:0.11373 6:0.06303 7:0.02913 8:0.02521 9:0.01008 10:0.00840
  pairs x=1 total=1485  q:frac 2:0.34747 3:0.25051 4:0.15354 5:0.11515 6:0.06465 7:0.03232 8:0.02424 9:0.01212
c=0 N=9 sN=14 phi=0.2647 words=476
  x=0 count=173 mean_u=0.51138 var_u=0.08250 (unif 0.08333) KS64=0.03071 top=0.52601 rmin=359 low16: 0.0000 0.0000 0.0000 0.2139 0.0000 0.2139 0.0000 0.5723
  x=1 count=173 mean_u=0.50542 var_u=0.08612 (unif 0.08333) KS64=0.02962 top=0.50867 rmin=63 low16: 0.0000 0.0000 0.0000 0.2139 0.0000 0.2139 0.0000 0.5723
  x=2 count=88 mean_u=0.49168 var_u=0.08270 (unif 0.08333) KS64=0.03267 top=0.47727 rmin=27 low16: 0.0000 0.0000 0.0000 0.2045 0.0000 0.2045 0.0000 0.5909
  x=3 count=33 mean_u=0.43625 var_u=0.07953 (unif 0.08333) KS64=0.15862 top=0.45455 rmin=111 low16: 0.0000 0.0000 0.0000 0.1818 0.0000 0.1818 0.0000 0.6364
  x=4 count=8 mean_u=0.64526 var_u=0.08784 (unif 0.08333) KS64=0.35938 top=0.75000 rmin=159 low16: 0.0000 0.0000 0.0000 0.1250 0.0000 0.1250 0.0000 0.7500
  x=5 count=1 mean_u=0.99902 var_u=0.00000 (unif 0.08333) KS64=0.98438 top=1.00000 rmin=1023 low16: 0.0000 0.0000 0.0000 0.0000 0.0000 0.0000 0.0000 1.0000
  pairs all total=113050  q:frac 2:0.33015 3:0.24345 4:0.15675 5:0.11563 6:0.06657 7:0.03582 8:0.02452 9:0.01286 10:0.00736 11:0.00379 12:0.00156 13:0.00153
  pairs x=0 total=14878  q:frac 2:0.33822 3:0.24620 4:0.15419 5:0.11480 6:0.06513 7:0.03361 8:0.02447 9:0.01230 10:0.00739 11:0.00370
  pairs x=1 total=14878  q:frac 2:0.33822 3:0.24620 4:0.15419 5:0.11480 6:0.06513 7:0.03361 8:0.02447 9:0.01230 10:0.00739 11:0.00370
c=0 N=10 sN=15 phi=0.8496 words=961
  x=0 count=476 mean_u=0.50233 var_u=0.08420 (unif 0.08333) KS64=0.01615 top=0.49790 rmin=91 low16: 0.0000 0.0000 0.0000 0.2080 0.0000 0.2080 0.0000 0.5840
  x=1 count=303 mean_u=0.49588 var_u=0.08307 (unif 0.08333) KS64=0.02119 top=0.49175 rmin=27 low16: 0.0000 0.0000 0.0000 0.2046 0.0000 0.2046 0.0000 0.5908
  x=2 count=130 mean_u=0.49281 var_u=0.07847 (unif 0.08333) KS64=0.04111 top=0.50000 rmin=31 low16: 0.0000 0.0000 0.0000 0.1923 0.0000 0.1923 0.0000 0.6154
  x=3 count=42 mean_u=0.47294 var_u=0.08830 (unif 0.08333) KS64=0.08259 top=0.50000 rmin=111 low16: 0.0000 0.0000 0.0000 0.1667 0.0000 0.1667 0.0000 0.6667
  x=4 count=9 mean_u=0.64787 var_u=0.05694 (unif 0.08333) KS64=0.29688 top=0.66667 rmin=1263 low16: 0.0000 0.0000 0.0000 0.1111 0.0000 0.1111 0.0000 0.7778
  x=5 count=1 mean_u=0.99951 var_u=0.00000 (unif 0.08333) KS64=0.98438 top=1.00000 rmin=2047 low16: 0.0000 0.0000 0.0000 0.0000 0.0000 0.0000 0.0000 1.0000
  pairs all total=461280  q:frac 2:0.32258 3:0.24099 4:0.15940 5:0.11686 6:0.06837 7:0.03805 8:0.02493 9:0.01342 10:0.00751 11:0.00394 12:0.00199 13:0.00131 14:0.00066
  pairs x=0 total=113050  q:frac 2:0.33015 3:0.24345 4:0.15675 5:0.11563 6:0.06657 7:0.03582 8:0.02452 9:0.01286 10:0.00736 11:0.00379 12:0.00156 13:0.00153
  pairs x=1 total=45753  q:frac 2:0.32658 3:0.24256 4:0.15855 5:0.11645 6:0.06762 7:0.03716 8:0.02470 9:0.01320 10:0.00741 11:0.00385 12:0.00192
c=0 N=11 sN=17 phi=0.4346 words=2652
  x=0 count=961 mean_u=0.51213 var_u=0.08278 (unif 0.08333) KS64=0.02754 top=0.52133 rmin=239 low16: 0.0000 0.0000 0.0000 0.2019 0.0000 0.2019 0.0000 0.5963
  x=1 count=961 mean_u=0.49617 var_u=0.08411 (unif 0.08333) KS64=0.01023 top=0.49324 rmin=63 low16: 0.0000 0.0000 0.0000 0.2019 0.0000 0.2019 0.0000 0.5963
  x=2 count=485 mean_u=0.49283 var_u=0.08311 (unif 0.08333) KS64=0.01762 top=0.49691 rmin=27 low16: 0.0000 0.0000 0.0000 0.1959 0.0000 0.1959 0.0000 0.6082
  x=3 count=182 mean_u=0.50984 var_u=0.08276 (unif 0.08333) KS64=0.04430 top=0.53297 rmin=223 low16: 0.0000 0.0000 0.0000 0.1813 0.0000 0.1813 0.0000 0.6374
  x=4 count=52 mean_u=0.52912 var_u=0.09130 (unif 0.08333) KS64=0.07572 top=0.55769 rmin=111 low16: 0.0000 0.0000 0.0000 0.1538 0.0000 0.1538 0.0000 0.6923
  x=5 count=10 mean_u=0.51653 var_u=0.07340 (unif 0.08333) KS64=0.17188 top=0.40000 rmin=1471 low16: 0.0000 0.0000 0.0000 0.1000 0.0000 0.1000 0.0000 0.8000
  x=6 count=1 mean_u=0.99976 var_u=0.00000 (unif 0.08333) KS64=0.98438 top=1.00000 rmin=4095 low16: 0.0000 0.0000 0.0000 0.0000 0.0000 0.0000 0.0000 1.0000
  pairs all total=3515226  q:frac 2:0.31767 3:0.23926 4:0.16085 5:0.11767 6:0.06958 7:0.03942 8:0.02535 9:0.01380 10:0.00769 11:0.00407 12:0.00213 13:0.00129 14:0.00067 15:0.00028 16:0.00027
  pairs x=0 total=461280  q:frac 2:0.32258 3:0.24099 4:0.15940 5:0.11686 6:0.06837 7:0.03805 8:0.02493 9:0.01342 10:0.00751 11:0.00394 12:0.00199 13:0.00131 14:0.00066
  pairs x=1 total=461280  q:frac 2:0.32258 3:0.24099 4:0.15940 5:0.11686 6:0.06837 7:0.03805 8:0.02493 9:0.01342 10:0.00751 11:0.00394 12:0.00199 13:0.00131 14:0.00066
c=0 N=12 sN=19 phi=0.0196 words=8045
  x=0 count=2652 mean_u=0.50119 var_u=0.08389 (unif 0.08333) KS64=0.01225 top=0.50603 rmin=319 low16: 0.0000 0.0000 0.0000 0.1980 0.0000 0.1980 0.0000 0.6041
  x=1 count=2652 mean_u=0.50767 var_u=0.08056 (unif 0.08333) KS64=0.02357 top=0.51131 rmin=155 low16: 0.0000 0.0000 0.0000 0.1980 0.0000 0.1980 0.0000 0.6041
  x=2 count=1691 mean_u=0.49793 var_u=0.08024 (unif 0.08333) KS64=0.01504 top=0.49852 rmin=63 low16: 0.0000 0.0000 0.0000 0.1957 0.0000 0.1957 0.0000 0.6085
  x=3 count=730 mean_u=0.49889 var_u=0.08494 (unif 0.08333) KS64=0.01327 top=0.50000 rmin=27 low16: 0.0000 0.0000 0.0000 0.1877 0.0000 0.1877 0.0000 0.6247
  x=4 count=245 mean_u=0.48921 var_u=0.08642 (unif 0.08333) KS64=0.02672 top=0.48163 rmin=639 low16: 0.0000 0.0000 0.0000 0.1714 0.0000 0.1714 0.0000 0.6571
  x=5 count=63 mean_u=0.54640 var_u=0.07589 (unif 0.08333) KS64=0.10565 top=0.58730 rmin=703 low16: 0.0000 0.0000 0.0000 0.1429 0.0000 0.1429 0.0000 0.7143
  x=6 count=11 mean_u=0.62114 var_u=0.04262 (unif 0.08333) KS64=0.33097 top=0.72727 rmin=1819 low16: 0.0000 0.0000 0.0000 0.0909 0.0000 0.0909 0.0000 0.8182
  pairs all total=32356990  q:frac 2:0.31417 3:0.23800 4:0.16182 5:0.11828 6:0.07049 7:0.04041 8:0.02572 9:0.01411 10:0.00785 11:0.00419 12:0.00222 13:0.00130 14:0.00068 15:0.00033 16:0.00025 17:0.00010 18:0.00008
  pairs x=0 total=3515226  q:frac 2:0.31767 3:0.23926 4:0.16085 5:0.11767 6:0.06958 7:0.03942 8:0.02535 9:0.01380 10:0.00769 11:0.00407 12:0.00213 13:0.00129 14:0.00067 15:0.00028 16:0.00027
  pairs x=1 total=3515226  q:frac 2:0.31767 3:0.23926 4:0.16085 5:0.11767 6:0.06958 7:0.03942 8:0.02535 9:0.01380 10:0.00769 11:0.00407 12:0.00213 13:0.00129 14:0.00067 15:0.00028 16:0.00027
c=0 N=13 sN=20 phi=0.6045 words=17637
  x=0 count=8045 mean_u=0.49858 var_u=0.08328 (unif 0.08333) KS64=0.00468 top=0.49882 rmin=283 low16: 0.0000 0.0000 0.0000 0.1952 0.0000 0.1952 0.0000 0.6097
  x=1 count=5393 mean_u=0.50777 var_u=0.08260 (unif 0.08333) KS64=0.01653 top=0.51085 rmin=91 low16: 0.0000 0.0000 0.0000 0.1938 0.0000 0.1938 0.0000 0.6125
  x=2 count=2741 mean_u=0.49909 var_u=0.08399 (unif 0.08333) KS64=0.01153 top=0.49726 rmin=27 low16: 0.0000 0.0000 0.0000 0.1897 0.0000 0.1897 0.0000 0.6206
  x=3 count=1050 mean_u=0.49810 var_u=0.08456 (unif 0.08333) KS64=0.01577 top=0.49238 rmin=31 low16: 0.0000 0.0000 0.0000 0.1800 0.0000 0.1800 0.0000 0.6400
  x=4 count=320 mean_u=0.48383 var_u=0.08389 (unif 0.08333) KS64=0.03438 top=0.46875 rmin=703 low16: 0.0000 0.0000 0.0000 0.1625 0.0000 0.1625 0.0000 0.6750
  x=5 count=75 mean_u=0.51060 var_u=0.07671 (unif 0.08333) KS64=0.06979 top=0.48000 rmin=871 low16: 0.0000 0.0000 0.0000 0.1333 0.0000 0.1333 0.0000 0.7333
  x=6 count=12 mean_u=0.59719 var_u=0.08344 (unif 0.08333) KS64=0.29688 top=0.58333 rmin=7167 low16: 0.0000 0.0000 0.0000 0.0833 0.0000 0.0833 0.0000 0.8333
  pairs all total=155523066  q:frac 2:0.31034 3:0.23658 4:0.16281 5:0.11897 6:0.07154 7:0.04151 8:0.02619 9:0.01449 10:0.00807 11:0.00433 12:0.00232 13:0.00133 14:0.00070 15:0.00036 16:0.00023 17:0.00012 18:0.00007 19:0.00003
  pairs x=0 total=32356990  q:frac 2:0.31417 3:0.23800 4:0.16182 5:0.11828 6:0.07049 7:0.04041 8:0.02572 9:0.01411 10:0.00785 11:0.00419 12:0.00222 13:0.00130 14:0.00068 15:0.00033 16:0.00025 17:0.00010 18:0.00008
  pairs x=1 total=14539528  q:frac 2:0.31250 3:0.23740 4:0.16229 5:0.11859 6:0.07095 7:0.04090 8:0.02592 9:0.01428 10:0.00794 11:0.00425 12:0.00227 13:0.00131 14:0.00069 15:0.00035 16:0.00023 17:0.00012
c=0 N=14 sN=22 phi=0.1895 words=51033
  x=0 count=17637 mean_u=0.49923 var_u=0.08367 (unif 0.08333) KS64=0.00362 top=0.49997 rmin=283 low16: 0.0000 0.0000 0.0000 0.1920 0.0000 0.1920 0.0000 0.6159
  x=1 count=17637 mean_u=0.50123 var_u=0.08343 (unif 0.08333) KS64=0.00336 top=0.50275 rmin=71 low16: 0.0000 0.0000 0.0000 0.1920 0.0000 0.1920 0.0000 0.6159
  x=2 count=9592 mean_u=0.50327 var_u=0.08328 (unif 0.08333) KS64=0.00589 top=0.50261 rmin=91 low16: 0.0000 0.0000 0.0000 0.1894 0.0000 0.1894 0.0000 0.6211
  x=3 count=4199 mean_u=0.50105 var_u=0.08281 (unif 0.08333) KS64=0.00695 top=0.50202 rmin=27 low16: 0.0000 0.0000 0.0000 0.1839 0.0000 0.1839 0.0000 0.6323
  x=4 count=1458 mean_u=0.49574 var_u=0.08509 (unif 0.08333) KS64=0.01397 top=0.49383 rmin=31 low16: 0.0000 0.0000 0.0000 0.1728 0.0000 0.1728 0.0000 0.6543
  x=5 count=408 mean_u=0.49404 var_u=0.08638 (unif 0.08333) KS64=0.02206 top=0.49755 rmin=703 low16: 0.0000 0.0000 0.0000 0.1544 0.0000 0.1544 0.0000 0.6912
  x=6 count=88 mean_u=0.49220 var_u=0.08499 (unif 0.08333) KS64=0.05114 top=0.47727 rmin=871 low16: 0.0000 0.0000 0.0000 0.1250 0.0000 0.1250 0.0000 0.7500
  pairs all total=1302158028  q:frac 2:0.30765 3:0.23555 4:0.16344 5:0.11945 6:0.07228 7:0.04228 8:0.02656 9:0.01478 10:0.00824 11:0.00445 12:0.00240 13:0.00135 14:0.00072 15:0.00038 16:0.00023 17:0.00012 18:0.00007 19:0.00003 20:0.00001 21:0.00001
  pairs x=0 total=155523066  q:frac 2:0.31034 3:0.23658 4:0.16281 5:0.11897 6:0.07154 7:0.04151 8:0.02619 9:0.01449 10:0.00807 11:0.00433 12:0.00232 13:0.00133 14:0.00070 15:0.00036 16:0.00023 17:0.00012 18:0.00007 19:0.00003
  pairs x=1 total=155523066  q:frac 2:0.31034 3:0.23658 4:0.16281 5:0.11897 6:0.07154 7:0.04151 8:0.02619 9:0.01449 10:0.00807 11:0.00433 12:0.00232 13:0.00133 14:0.00070 15:0.00036 16:0.00023 17:0.00012 18:0.00007 19:0.00003
c=0 N=15 sN=23 phi=0.7744 words=108950
  x=0 count=51033 mean_u=0.49885 var_u=0.08317 (unif 0.08333) KS64=0.00297 top=0.49825 rmin=251 low16: 0.0000 0.0000 0.0000 0.1899 0.0000 0.1899 0.0000 0.6202
  x=1 count=33396 mean_u=0.50088 var_u=0.08347 (unif 0.08333) KS64=0.00267 top=0.50132 rmin=47 low16: 0.0000 0.0000 0.0000 0.1887 0.0000 0.1887 0.0000 0.6225
  x=2 count=15759 mean_u=0.50230 var_u=0.08361 (unif 0.08333) KS64=0.00463 top=0.50276 rmin=63 low16: 0.0000 0.0000 0.0000 0.1850 0.0000 0.1850 0.0000 0.6299
  x=3 count=6167 mean_u=0.49954 var_u=0.08340 (unif 0.08333) KS64=0.00362 top=0.49992 rmin=27 low16: 0.0000 0.0000 0.0000 0.1782 0.0000 0.1782 0.0000 0.6436
  x=4 count=1968 mean_u=0.49922 var_u=0.08329 (unif 0.08333) KS64=0.00927 top=0.50407 rmin=111 low16: 0.0000 0.0000 0.0000 0.1662 0.0000 0.1662 0.0000 0.6677
  x=5 count=510 mean_u=0.50619 var_u=0.08302 (unif 0.08333) KS64=0.02592 top=0.51569 rmin=871 low16: 0.0000 0.0000 0.0000 0.1471 0.0000 0.1471 0.0000 0.7059
  x=6 count=102 mean_u=0.49745 var_u=0.07750 (unif 0.08333) KS64=0.04596 top=0.49020 rmin=6471 low16: 0.0000 0.0000 0.0000 0.1176 0.0000 0.1176 0.0000 0.7647
  pairs all total=5934996775  q:frac 2:0.30463 3:0.23435 4:0.16408 5:0.11997 6:0.07311 7:0.04315 8:0.02701 9:0.01513 10:0.00846 11:0.00460 12:0.00249 13:0.00139 14:0.00075 15:0.00040 16:0.00023 17:0.00012 18:0.00007 19:0.00003 20:0.00002 21:0.00001 22:0.00001
  pairs x=0 total=1302158028  q:frac 2:0.30765 3:0.23555 4:0.16344 5:0.11945 6:0.07228 7:0.04228 8:0.02656 9:0.01478 10:0.00824 11:0.00445 12:0.00240 13:0.00135 14:0.00072 15:0.00038 16:0.00023 17:0.00012 18:0.00007 19:0.00003 20:0.00001 21:0.00001
  pairs x=1 total=557629710  q:frac 2:0.30624 3:0.23499 4:0.16375 5:0.11969 6:0.07267 7:0.04269 8:0.02676 9:0.01494 10:0.00834 11:0.00452 12:0.00244 13:0.00137 14:0.00073 15:0.00039 16:0.00023 17:0.00012 18:0.00007 19:0.00003 20:0.00002
c=0 N=16 sN=25 phi=0.3594 words=312455
  x=0 count=108950 mean_u=0.50210 var_u=0.08333 (unif 0.08333) KS64=0.00347 top=0.50149 rmin=251 low16: 0.0000 0.0000 0.0000 0.1875 0.0000 0.1875 0.0000 0.6251
  x=1 count=108950 mean_u=0.49784 var_u=0.08329 (unif 0.08333) KS64=0.00536 top=0.49514 rmin=63 low16: 0.0000 0.0000 0.0000 0.1875 0.0000 0.1875 0.0000 0.6251
  x=2 count=57917 mean_u=0.49686 var_u=0.08356 (unif 0.08333) KS64=0.00601 top=0.49481 rmin=31 low16: 0.0000 0.0000 0.0000 0.1853 0.0000 0.1853 0.0000 0.6294
  x=3 count=24521 mean_u=0.50338 var_u=0.08308 (unif 0.08333) KS64=0.00747 top=0.50716 rmin=103 low16: 0.0000 0.0000 0.0000 0.1807 0.0000 0.1807 0.0000 0.6387
  x=4 count=8762 mean_u=0.50421 var_u=0.08210 (unif 0.08333) KS64=0.01025 top=0.50947 rmin=27 low16: 0.0000 0.0000 0.0000 0.1728 0.0000 0.1728 0.0000 0.6544
  x=5 count=2595 mean_u=0.50464 var_u=0.08414 (unif 0.08333) KS64=0.01236 top=0.50713 rmin=1819 low16: 0.0000 0.0000 0.0000 0.1599 0.0000 0.1599 0.0000 0.6802
  x=6 count=627 mean_u=0.49617 var_u=0.08030 (unif 0.08333) KS64=0.02921 top=0.48485 rmin=2047 low16: 0.0000 0.0000 0.0000 0.1404 0.0000 0.1404 0.0000 0.7193
  pairs all total=48813907285  q:frac 2:0.30250 3:0.23349 4:0.16448 5:0.12033 6:0.07370 7:0.04376 8:0.02734 9:0.01539 10:0.00863 11:0.00471 12:0.00256 13:0.00143 14:0.00077 15:0.00041 16:0.00023 17:0.00012 18:0.00007 19:0.00004 20:0.00002 21:0.00001 22:0.00001 23:0.00000 24:0.00000
  pairs x=0 total=5934996775  q:frac 2:0.30463 3:0.23435 4:0.16408 5:0.11997 6:0.07311 7:0.04315 8:0.02701 9:0.01513 10:0.00846 11:0.00460 12:0.00249 13:0.00139 14:0.00075 15:0.00040 16:0.00023 17:0.00012 18:0.00007 19:0.00003 20:0.00002 21:0.00001 22:0.00001
  pairs x=1 total=5934996775  q:frac 2:0.30463 3:0.23435 4:0.16408 5:0.11997 6:0.07311 7:0.04315 8:0.02701 9:0.01513 10:0.00846 11:0.00460 12:0.00249 13:0.00139 14:0.00075 15:0.00040 16:0.00023 17:0.00012 18:0.00007 19:0.00003 20:0.00002 21:0.00001 22:0.00001
c=0 N=17 sN=26 phi=0.9444 words=663535
  x=0 count=312455 mean_u=0.50040 var_u=0.08338 (unif 0.08333) KS64=0.00115 top=0.50060 rmin=167 low16: 0.0000 0.0000 0.0000 0.1858 0.0000 0.1858 0.0000 0.6285
  x=1 count=203505 mean_u=0.49879 var_u=0.08346 (unif 0.08333) KS64=0.00275 top=0.49962 rmin=63 low16: 0.0000 0.0000 0.0000 0.1848 0.0000 0.1848 0.0000 0.6303
  x=2 count=94555 mean_u=0.49930 var_u=0.08307 (unif 0.08333) KS64=0.00348 top=0.50120 rmin=31 low16: 0.0000 0.0000 0.0000 0.1818 0.0000 0.1818 0.0000 0.6363
  x=3 count=36638 mean_u=0.50485 var_u=0.08240 (unif 0.08333) KS64=0.00871 top=0.50661 rmin=27 low16: 0.0000 0.0000 0.0000 0.1763 0.0000 0.1763 0.0000 0.6473
  x=4 count=12117 mean_u=0.50098 var_u=0.08407 (unif 0.08333) KS64=0.00699 top=0.49847 rmin=703 low16: 0.0000 0.0000 0.0000 0.1676 0.0000 0.1676 0.0000 0.6648
  x=5 count=3355 mean_u=0.50294 var_u=0.08577 (unif 0.08333) KS64=0.01531 top=0.50134 rmin=1819 low16: 0.0000 0.0000 0.0000 0.1541 0.0000 0.1541 0.0000 0.6918
  x=6 count=760 mean_u=0.48451 var_u=0.08200 (unif 0.08333) KS64=0.02845 top=0.48026 rmin=2047 low16: 0.0000 0.0000 0.0000 0.1342 0.0000 0.1342 0.0000 0.7316
  pairs all total=220139016345  q:frac 2:0.30007 3:0.23249 4:0.16490 5:0.12073 6:0.07438 7:0.04446 8:0.02774 9:0.01570 10:0.00883 11:0.00485 12:0.00265 13:0.00147 14:0.00079 15:0.00043 16:0.00024 17:0.00013 18:0.00007 19:0.00004 20:0.00002 21:0.00001 22:0.00001 23:0.00000 24:0.00000 25:0.00000
  pairs x=0 total=48813907285  q:frac 2:0.30250 3:0.23349 4:0.16448 5:0.12033 6:0.07370 7:0.04376 8:0.02734 9:0.01539 10:0.00863 11:0.00471 12:0.00256 13:0.00143 14:0.00077 15:0.00041 16:0.00023 17:0.00012 18:0.00007 19:0.00004 20:0.00002 21:0.00001 22:0.00001 23:0.00000 24:0.00000
  pairs x=1 total=20707040760  q:frac 2:0.30136 3:0.23302 4:0.16468 5:0.12052 6:0.07402 7:0.04409 8:0.02753 9:0.01553 10:0.00872 11:0.00477 12:0.00260 13:0.00145 14:0.00078 15:0.00042 16:0.00024 17:0.00013 18:0.00007 19:0.00004 20:0.00002 21:0.00001 22:0.00001 23:0.00000
c=0 N=18 sN=28 phi=0.5293 words=1900470
  x=0 count=663535 mean_u=0.50009 var_u=0.08335 (unif 0.08333) KS64=0.00034 top=0.50020 rmin=223 low16: 0.0000 0.0000 0.0000 0.1838 0.0000 0.1838 0.0000 0.6323
  x=1 count=663535 mean_u=0.50005 var_u=0.08333 (unif 0.08333) KS64=0.00034 top=0.50008 rmin=111 low16: 0.0000 0.0000 0.0000 0.1838 0.0000 0.1838 0.0000 0.6323
  x=2 count=351080 mean_u=0.49947 var_u=0.08340 (unif 0.08333) KS64=0.00118 top=0.49976 rmin=27 low16: 0.0000 0.0000 0.0000 0.1821 0.0000 0.1821 0.0000 0.6358
  x=3 count=147575 mean_u=0.49946 var_u=0.08338 (unif 0.08333) KS64=0.00181 top=0.49975 rmin=31 low16: 0.0000 0.0000 0.0000 0.1783 0.0000 0.1783 0.0000 0.6433
  x=4 count=53020 mean_u=0.50395 var_u=0.08298 (unif 0.08333) KS64=0.00583 top=0.50502 rmin=103 low16: 0.0000 0.0000 0.0000 0.1721 0.0000 0.1721 0.0000 0.6558
  x=5 count=16382 mean_u=0.50323 var_u=0.08222 (unif 0.08333) KS64=0.01033 top=0.50476 rmin=703 low16: 0.0000 0.0000 0.0000 0.1627 0.0000 0.1627 0.0000 0.6746
  x=6 count=4265 mean_u=0.49778 var_u=0.08587 (unif 0.08333) KS64=0.01053 top=0.49402 rmin=1819 low16: 0.0000 0.0000 0.0000 0.1487 0.0000 0.1487 0.0000 0.7027
  pairs all total=1805892160215  q:frac 2:0.29834 3:0.23176 4:0.16517 5:0.12100 6:0.07486 7:0.04496 8:0.02804 9:0.01593 10:0.00899 11:0.00495 12:0.00271 13:0.00151 14:0.00082 15:0.00044 16:0.00025 17:0.00013 18:0.00007 19:0.00004 20:0.00002 21:0.00001 22:0.00001 23:0.00000 24:0.00000 25:0.00000 26:0.00000 27:0.00000
  pairs x=0 total=220139016345  q:frac 2:0.30007 3:0.23249 4:0.16490 5:0.12073 6:0.07438 7:0.04446 8:0.02774 9:0.01570 10:0.00883 11:0.00485 12:0.00265 13:0.00147 14:0.00079 15:0.00043 16:0.00024 17:0.00013 18:0.00007 19:0.00004 20:0.00002 21:0.00001 22:0.00001 23:0.00000 24:0.00000 25:0.00000
  pairs x=1 total=220139016345  q:frac 2:0.30007 3:0.23249 4:0.16490 5:0.12073 6:0.07438 7:0.04446 8:0.02774 9:0.01570 10:0.00883 11:0.00485 12:0.00265 13:0.00147 14:0.00079 15:0.00043 16:0.00024 17:0.00013 18:0.00007 19:0.00004 20:0.00002 21:0.00001 22:0.00001 23:0.00000 24:0.00000 25:0.00000
c=0 N=19 sN=30 phi=0.1143 words=5936673
  x=0 count=1900470 mean_u=0.49990 var_u=0.08332 (unif 0.08333) KS64=0.00020 top=0.49990 rmin=1695 low16: 0.0000 0.0000 0.0000 0.1825 0.0000 0.1825 0.0000 0.6351
  x=1 count=1900470 mean_u=0.50001 var_u=0.08334 (unif 0.08333) KS64=0.00018 top=0.50012 rmin=1055 low16: 0.0000 0.0000 0.0000 0.1825 0.0000 0.1825 0.0000 0.6351
  x=2 count=1236935 mean_u=0.50005 var_u=0.08333 (unif 0.08333) KS64=0.00024 top=0.50024 rmin=63 low16: 0.0000 0.0000 0.0000 0.1817 0.0000 0.1817 0.0000 0.6365
  x=3 count=573400 mean_u=0.49989 var_u=0.08334 (unif 0.08333) KS64=0.00052 top=0.50024 rmin=27 low16: 0.0000 0.0000 0.0000 0.1793 0.0000 0.1793 0.0000 0.6414
  x=4 count=222320 mean_u=0.50022 var_u=0.08337 (unif 0.08333) KS64=0.00081 top=0.50058 rmin=91 low16: 0.0000 0.0000 0.0000 0.1749 0.0000 0.1749 0.0000 0.6503
  x=5 count=74745 mean_u=0.50190 var_u=0.08331 (unif 0.08333) KS64=0.00298 top=0.50128 rmin=2215 low16: 0.0000 0.0000 0.0000 0.1680 0.0000 0.1680 0.0000 0.6640
  x=6 count=21725 mean_u=0.50253 var_u=0.08301 (unif 0.08333) KS64=0.00596 top=0.50348 rmin=2559 low16: 0.0000 0.0000 0.0000 0.1580 0.0000 0.1580 0.0000 0.6841
  pairs all total=17622040186128  q:frac 2:0.29699 3:0.23118 4:0.16536 5:0.12121 6:0.07523 7:0.04535 8:0.02828 9:0.01612 10:0.00911 11:0.00504 12:0.00277 13:0.00154 14:0.00083 15:0.00045 16:0.00025 17:0.00013 18:0.00007 19:0.00004 20:0.00002 21:0.00001 22:0.00001 23:0.00000 24:0.00000 25:0.00000 26:0.00000 27:0.00000 28:0.00000 29:0.00000
  pairs x=0 total=1805892160215  q:frac 2:0.29834 3:0.23176 4:0.16517 5:0.12100 6:0.07486 7:0.04496 8:0.02804 9:0.01593 10:0.00899 11:0.00495 12:0.00271 13:0.00151 14:0.00082 15:0.00044 16:0.00025 17:0.00013 18:0.00007 19:0.00004 20:0.00002 21:0.00001 22:0.00001 23:0.00000 24:0.00000 25:0.00000 26:0.00000 27:0.00000
  pairs x=1 total=1805892160215  q:frac 2:0.29834 3:0.23176 4:0.16517 5:0.12100 6:0.07486 7:0.04496 8:0.02804 9:0.01593 10:0.00899 11:0.00495 12:0.00271 13:0.00151 14:0.00082 15:0.00044 16:0.00025 17:0.00013 18:0.00007 19:0.00004 20:0.00002 21:0.00001 22:0.00001 23:0.00000 24:0.00000 25:0.00000 26:0.00000 27:0.00000
c=0 N=20 sN=31 phi=0.6993 words=13472296
  x=0 count=5936673 mean_u=0.50002 var_u=0.08334 (unif 0.08333) KS64=0.00010 top=0.50003 rmin=1307 low16: 0.0000 0.0000 0.0000 0.1814 0.0000 0.1814 0.0000 0.6372
  x=1 count=4036203 mean_u=0.49993 var_u=0.08333 (unif 0.08333) KS64=0.00015 top=0.49987 rmin=703 low16: 0.0000 0.0000 0.0000 0.1809 0.0000 0.1809 0.0000 0.6382
  x=2 count=2135733 mean_u=0.50008 var_u=0.08334 (unif 0.08333) KS64=0.00022 top=0.50011 rmin=47 low16: 0.0000 0.0000 0.0000 0.1795 0.0000 0.1795 0.0000 0.6410
  x=3 count=898798 mean_u=0.49989 var_u=0.08332 (unif 0.08333) KS64=0.00035 top=0.49986 rmin=27 low16: 0.0000 0.0000 0.0000 0.1765 0.0000 0.1765 0.0000 0.6471
  x=4 count=325398 mean_u=0.50024 var_u=0.08328 (unif 0.08333) KS64=0.00084 top=0.50026 rmin=91 low16: 0.0000 0.0000 0.0000 0.1714 0.0000 0.1714 0.0000 0.6571
  x=5 count=103078 mean_u=0.50133 var_u=0.08324 (unif 0.08333) KS64=0.00246 top=0.50108 rmin=2215 low16: 0.0000 0.0000 0.0000 0.1640 0.0000 0.1640 0.0000 0.6720
  x=6 count=28333 mean_u=0.50176 var_u=0.08324 (unif 0.08333) KS64=0.00342 top=0.50101 rmin=1819 low16: 0.0000 0.0000 0.0000 0.1535 0.0000 0.1535 0.0000 0.6930
  pairs all total=90751373019660  q:frac 2:0.29541 3:0.23049 4:0.16557 5:0.12146 6:0.07566 7:0.04580 8:0.02857 9:0.01634 10:0.00927 11:0.00514 12:0.00283 13:0.00158 14:0.00086 15:0.00046 16:0.00026 17:0.00014 18:0.00007 19:0.00004 20:0.00002 21:0.00001 22:0.00001 23:0.00000 24:0.00000 25:0.00000 26:0.00000 27:0.00000 28:0.00000 29:0.00000 30:0.00000
  pairs x=0 total=17622040186128  q:frac 2:0.29699 3:0.23118 4:0.16536 5:0.12121 6:0.07523 7:0.04535 8:0.02828 9:0.01612 10:0.00911 11:0.00504 12:0.00277 13:0.00154 14:0.00083 15:0.00045 16:0.00025 17:0.00013 18:0.00007 19:0.00004 20:0.00002 21:0.00001 22:0.00001 23:0.00000 24:0.00000 25:0.00000 26:0.00000 27:0.00000 28:0.00000 29:0.00000
  pairs x=1 total=8145465310503  q:frac 2:0.29635 3:0.23090 4:0.16545 5:0.12131 6:0.07540 7:0.04553 8:0.02840 9:0.01621 10:0.00918 11:0.00508 12:0.00279 13:0.00156 14:0.00084 15:0.00046 16:0.00025 17:0.00013 18:0.00007 19:0.00004 20:0.00002 21:0.00001 22:0.00001 23:0.00000 24:0.00000 25:0.00000 26:0.00000 27:0.00000 28:0.00000
c=0 N=21 sN=33 phi=0.2842 words=39993895
  x=0 count=13472296 mean_u=0.49999 var_u=0.08333 (unif 0.08333) KS64=0.00007 top=0.49999 rmin=1383 low16: 0.0000 0.0000 0.0000 0.1802 0.0000 0.1802 0.0000 0.6397
  x=1 count=13472296 mean_u=0.50003 var_u=0.08333 (unif 0.08333) KS64=0.00009 top=0.50004 rmin=871 low16: 0.0000 0.0000 0.0000 0.1802 0.0000 0.1802 0.0000 0.6397
  x=2 count=7535623 mean_u=0.49993 var_u=0.08334 (unif 0.08333) KS64=0.00010 top=0.49993 rmin=63 low16: 0.0000 0.0000 0.0000 0.1792 0.0000 0.1792 0.0000 0.6416
  x=3 count=3499420 mean_u=0.50004 var_u=0.08333 (unif 0.08333) KS64=0.00012 top=0.50009 rmin=27 low16: 0.0000 0.0000 0.0000 0.1772 0.0000 0.1772 0.0000 0.6456
  x=4 count=1363687 mean_u=0.50010 var_u=0.08333 (unif 0.08333) KS64=0.00027 top=0.50026 rmin=103 low16: 0.0000 0.0000 0.0000 0.1736 0.0000 0.1736 0.0000 0.6528
  x=5 count=464889 mean_u=0.50024 var_u=0.08332 (unif 0.08333) KS64=0.00069 top=0.50019 rmin=3071 low16: 0.0000 0.0000 0.0000 0.1681 0.0000 0.1681 0.0000 0.6639
  x=6 count=139491 mean_u=0.50057 var_u=0.08330 (unif 0.08333) KS64=0.00125 top=0.50018 rmin=2047 low16: 0.0000 0.0000 0.0000 0.1602 0.0000 0.1602 0.0000 0.6797
  pairs all total=799755798638565  q:frac 2:0.29423 3:0.22998 4:0.16572 5:0.12163 6:0.07599 7:0.04614 8:0.02879 9:0.01651 10:0.00939 11:0.00522 12:0.00289 13:0.00161 14:0.00088 15:0.00047 16:0.00026 17:0.00014 18:0.00008 19:0.00004 20:0.00002 21:0.00001 22:0.00001 23:0.00000 24:0.00000 25:0.00000 26:0.00000 27:0.00000 28:0.00000 29:0.00000 30:0.00000 31:0.00000 32:0.00000
  pairs x=0 total=90751373019660  q:frac 2:0.29541 3:0.23049 4:0.16557 5:0.12146 6:0.07566 7:0.04580 8:0.02857 9:0.01634 10:0.00927 11:0.00514 12:0.00283 13:0.00158 14:0.00086 15:0.00046 16:0.00026 17:0.00014 18:0.00007 19:0.00004 20:0.00002 21:0.00001 22:0.00001 23:0.00000 24:0.00000 25:0.00000 26:0.00000 27:0.00000 28:0.00000 29:0.00000 30:0.00000
  pairs x=1 total=90751373019660  q:frac 2:0.29541 3:0.23049 4:0.16557 5:0.12146 6:0.07566 7:0.04580 8:0.02857 9:0.01634 10:0.00927 11:0.00514 12:0.00283 13:0.00158 14:0.00086 15:0.00046 16:0.00026 17:0.00014 18:0.00007 19:0.00004 20:0.00002 21:0.00001 22:0.00001 23:0.00000 24:0.00000 25:0.00000 26:0.00000 27:0.00000 28:0.00000 29:0.00000 30:0.00000
c=0 N=22 sN=34 phi=0.8692 words=87986917
  x=0 count=39993895 mean_u=0.50002 var_u=0.08333 (unif 0.08333) KS64=0.00005 top=0.50003 rmin=1383 low16: 0.0000 0.0000 0.0000 0.1792 0.0000 0.1792 0.0000 0.6415
  x=1 count=26521599 mean_u=0.49999 var_u=0.08334 (unif 0.08333) KS64=0.00007 top=0.49996 rmin=155 low16: 0.0000 0.0000 0.0000 0.1788 0.0000 0.1788 0.0000 0.6424
  x=2 count=13049303 mean_u=0.49996 var_u=0.08334 (unif 0.08333) KS64=0.00010 top=0.49996 rmin=63 low16: 0.0000 0.0000 0.0000 0.1774 0.0000 0.1774 0.0000 0.6453
  x=3 count=5513680 mean_u=0.50002 var_u=0.08333 (unif 0.08333) KS64=0.00008 top=0.50000 rmin=27 low16: 0.0000 0.0000 0.0000 0.1748 0.0000 0.1748 0.0000 0.6503
  x=4 count=2014260 mean_u=0.50008 var_u=0.08333 (unif 0.08333) KS64=0.00021 top=0.50006 rmin=103 low16: 0.0000 0.0000 0.0000 0.1707 0.0000 0.1707 0.0000 0.6585
  x=5 count=650573 mean_u=0.50009 var_u=0.08332 (unif 0.08333) KS64=0.00033 top=0.49996 rmin=2047 low16: 0.0000 0.0000 0.0000 0.1647 0.0000 0.1647 0.0000 0.6705
  x=6 count=185684 mean_u=0.50025 var_u=0.08333 (unif 0.08333) KS64=0.00074 top=0.50011 rmin=2559 low16: 0.0000 0.0000 0.0000 0.1564 0.0000 0.1564 0.0000 0.6871
  pairs all total=3870848737588986  q:frac 2:0.29285 3:0.22936 4:0.16587 5:0.12183 6:0.07636 7:0.04654 8:0.02905 9:0.01672 10:0.00953 11:0.00532 12:0.00295 13:0.00165 14:0.00090 15:0.00049 16:0.00027 17:0.00014 18:0.00008 19:0.00004 20:0.00002 21:0.00001 22:0.00001 23:0.00000 24:0.00000 25:0.00000 26:0.00000 27:0.00000 28:0.00000 29:0.00000 30:0.00000 31:0.00000 32:0.00000 33:0.00000
  pairs x=0 total=799755798638565  q:frac 2:0.29423 3:0.22998 4:0.16572 5:0.12163 6:0.07599 7:0.04614 8:0.02879 9:0.01651 10:0.00939 11:0.00522 12:0.00289 13:0.00161 14:0.00088 15:0.00047 16:0.00026 17:0.00014 18:0.00008 19:0.00004 20:0.00002 21:0.00001 22:0.00001 23:0.00000 24:0.00000 25:0.00000 26:0.00000 27:0.00000 28:0.00000 29:0.00000 30:0.00000 31:0.00000 32:0.00000
  pairs x=1 total=351697593497601  q:frac 2:0.29363 3:0.22971 4:0.16579 5:0.12172 6:0.07615 7:0.04631 8:0.02890 9:0.01660 10:0.00945 11:0.00526 12:0.00291 13:0.00162 14:0.00088 15:0.00048 16:0.00027 17:0.00014 18:0.00008 19:0.00004 20:0.00002 21:0.00001 22:0.00001 23:0.00000 24:0.00000 25:0.00000 26:0.00000 27:0.00000 28:0.00000 29:0.00000 30:0.00000 31:0.00000
