mode=terminal-only c=0 N=12 sN=19 phi=0.0196
  x=0 n=31824 Dstar4096=2.655e-03 Dstar*sqrt(n)=0.474 |F(m)|*sqrt(n): 1:0.39 2:0.54 3:0.35 4:0.34 5:1.30 7:0.39 8:0.19 16:0.22 64:0.65 256:0.69 1024:3.49 4096:4.11 65536:26.48 1048576:178.39
     local z_j=(#u<2^-j - n2^-j)/sqrt(n2^-j): 1:-0.21 2:+0.00 3:-0.46 4:-0.61 5:-1.13 6:-0.33 7:-1.05 8:-0.84 9:-0.40 10:-0.55
  x=1 n=12376 Dstar4096=7.439e-03 Dstar*sqrt(n)=0.828 |F(m)|*sqrt(n): 1:1.06 2:0.41 3:0.19 4:0.19 5:0.99 7:0.52 8:0.04 16:0.07 64:0.10 256:1.96 1024:2.78 4096:5.34 65536:23.25 1048576:111.25
     local z_j=(#u<2^-j - n2^-j)/sqrt(n2^-j): 1:-0.79 2:-1.11 3:-0.28 4:-0.23 5:-0.34 6:+0.33 7:-0.27 8:+0.67 9:+1.39
  x=2 n=4368 Dstar4096=1.206e-02 Dstar*sqrt(n)=0.797 |F(m)|*sqrt(n): 1:0.91 2:0.23 3:0.23 4:0.20 5:0.75 7:0.89 8:0.25 16:0.05 64:0.76 256:2.25 1024:2.79 4096:8.68 65536:24.78 1048576:66.09
     local z_j=(#u<2^-j - n2^-j)/sqrt(n2^-j): 1:+0.71 2:+0.15 3:+0.04 4:+0.54 5:+0.13 6:-0.27 7:+0.15
  all n=50388 Dstar4096=2.314e-03 Dstar*sqrt(n)=0.520 |F(m)|*sqrt(n): 1:0.43 2:0.48 3:0.33 4:0.18 5:0.25 7:0.34 8:0.22 16:0.14 64:0.35 256:1.36 1024:2.91 4096:8.14 65536:29.61 1048576:224.47
     local z_j=(#u<2^-j - n2^-j)/sqrt(n2^-j): 1:-0.41 2:-0.54 3:-0.47 4:-0.33 5:-0.97 6:-0.33 7:-0.94 8:+0.44 9:+1.37 10:+1.68 11:+3.91
  lift-digit uniformity (final digit d, t in [0,2^d)): chi2/dof: d=1:0.01(n=31824) d=2:0.18(n=12376) d=3:0.33(n=4368) d=4:0.61(n=1365) d=5:1.10(n=364)
mode=terminal-only c=0 N=14 sN=22 phi=0.1895
  x=0 n=203490 Dstar4096=1.091e-03 Dstar*sqrt(n)=0.492 |F(m)|*sqrt(n): 1:0.42 2:0.21 3:0.29 4:0.34 5:0.11 7:0.51 8:0.36 16:0.30 64:0.17 256:0.52 1024:0.43 4096:6.02 65536:16.31 1048576:76.01
     local z_j=(#u<2^-j - n2^-j)/sqrt(n2^-j): 1:+0.46 2:+0.40 3:+0.79 4:+1.12 5:+0.25 6:-0.15 7:+0.46 8:-0.49 9:-0.77 10:-0.62 11:-0.84 12:-0.38 13:+1.24
  x=1 n=77520 Dstar4096=1.366e-03 Dstar*sqrt(n)=0.380 |F(m)|*sqrt(n): 1:0.25 2:0.11 3:0.30 4:0.33 5:0.22 7:0.66 8:0.67 16:0.32 64:0.04 256:0.43 1024:1.74 4096:7.03 65536:27.57 1048576:83.53
     local z_j=(#u<2^-j - n2^-j)/sqrt(n2^-j): 1:-0.04 2:-0.11 3:-0.06 4:-0.59 5:-1.19 6:-0.98 7:-0.68 8:-0.85 9:-0.76 10:-0.31 11:+0.35
  x=2 n=27132 Dstar4096=3.170e-03 Dstar*sqrt(n)=0.522 |F(m)|*sqrt(n): 1:0.28 2:0.20 3:0.38 4:0.81 5:0.81 7:0.53 8:0.67 16:0.19 64:0.25 256:0.48 1024:2.91 4096:6.48 65536:24.68 1048576:164.72
     local z_j=(#u<2^-j - n2^-j)/sqrt(n2^-j): 1:-0.34 2:-0.75 3:-0.42 4:-1.14 5:-1.23 6:-0.48 7:-0.27 8:-0.68 9:-0.69 10:+0.10
  all n=319770 Dstar4096=7.205e-04 Dstar*sqrt(n)=0.407 |F(m)|*sqrt(n): 1:0.38 2:0.17 3:0.46 4:0.32 5:0.37 7:0.72 8:0.17 16:0.25 64:0.21 256:0.32 1024:0.93 4096:8.37 65536:28.14 1048576:54.74
     local z_j=(#u<2^-j - n2^-j)/sqrt(n2^-j): 1:+0.22 2:+0.00 3:+0.50 4:+0.32 5:-0.64 6:-0.36 7:+0.30 8:-0.91 9:-1.22 10:-0.47 11:+0.39 12:+1.46 13:+3.52
  lift-digit uniformity (final digit d, t in [0,2^d)): chi2/dof: d=1:0.15(n=203490) d=2:0.10(n=77520) d=3:0.37(n=27132) d=4:0.46(n=8568) d=5:0.62(n=2380) d=6:1.01(n=560)
mode=terminal-only c=0 N=16 sN=25 phi=0.3594
  x=0 n=1307504 Dstar4096=5.610e-04 Dstar*sqrt(n)=0.642 |F(m)|*sqrt(n): 1:0.62 2:0.75 3:0.46 4:1.23 5:0.22 7:0.16 8:0.71 16:0.30 64:0.54 256:0.74 1024:0.56 4096:1.92 65536:22.73 1048576:90.90
     local z_j=(#u<2^-j - n2^-j)/sqrt(n2^-j): 1:-0.17 2:-0.88 3:-0.80 4:-0.64 5:+0.41 6:+0.84 7:+0.87 8:-0.09 9:+0.16 10:-0.33 11:-1.72 12:-1.41 13:-0.21 14:-0.09 15:+0.81
  x=1 n=490314 Dstar4096=1.164e-03 Dstar*sqrt(n)=0.815 |F(m)|*sqrt(n): 1:1.53 2:1.04 3:0.20 4:0.78 5:0.61 7:0.15 8:0.56 16:0.15 64:1.08 256:0.38 1024:0.17 4096:0.86 65536:20.37 1048576:83.89
     local z_j=(#u<2^-j - n2^-j)/sqrt(n2^-j): 1:+0.53 2:-1.12 3:-0.77 4:-0.59 5:-0.50 6:-0.31 7:-0.80 8:-1.42 9:+0.33 10:-0.04 11:-0.48 12:-0.98 13:+0.02 14:+0.93
  x=2 n=170544 Dstar4096=3.686e-03 Dstar*sqrt(n)=1.522 |F(m)|*sqrt(n): 1:2.22 2:0.79 3:0.48 4:0.50 5:0.34 7:0.07 8:0.12 16:0.03 64:1.08 256:0.85 1024:0.52 4096:2.92 65536:18.92 1048576:88.53
     local z_j=(#u<2^-j - n2^-j)/sqrt(n2^-j): 1:+1.71 2:+1.28 3:+0.64 4:+0.05 5:-0.31 6:+0.33 7:-0.53 8:-1.01 9:+0.10 10:+0.50 11:+0.08 12:+0.37 13:+1.35
  all n=2042975 Dstar4096=4.447e-04 Dstar*sqrt(n)=0.636 |F(m)|*sqrt(n): 1:1.44 2:0.87 3:0.42 4:0.55 5:0.61 7:0.13 8:0.76 16:0.19 64:0.20 256:0.60 1024:0.60 4096:0.53 65536:20.65 1048576:99.63
     local z_j=(#u<2^-j - n2^-j)/sqrt(n2^-j): 1:+0.22 2:-1.20 3:-1.00 4:-0.99 5:-0.34 6:+0.63 7:-0.18 8:-1.07 9:+0.55 10:+0.09 11:-1.70 12:-1.65 13:+0.17 14:+1.28 15:+3.88 16:+5.16
  lift-digit uniformity (final digit d, t in [0,2^d)): chi2/dof: d=1:1.02(n=1307504) d=2:1.17(n=490314) d=3:1.06(n=170544) d=4:1.14(n=54264) d=5:0.90(n=15504) d=6:0.77(n=3876)
mode=terminal-only c=0 N=18 sN=28 phi=0.5293
  x=0 n=8436285 Dstar4096=2.327e-04 Dstar*sqrt(n)=0.676 |F(m)|*sqrt(n): 1:0.73 2:0.29 3:1.04 4:0.23 5:0.46 7:0.29 8:0.51 16:0.41 64:0.80 256:0.67 1024:2.40 4096:1.09 65536:1.13 1048576:66.70
     local z_j=(#u<2^-j - n2^-j)/sqrt(n2^-j): 1:-0.82 2:-0.78 3:-0.40 4:+0.61 5:-0.45 6:-0.79 7:-0.03 8:+0.42 9:+1.71 10:+1.11 11:+0.06 12:-0.54 13:+0.69 14:-0.39 15:+0.16 16:+0.02 17:+0.58 18:+1.20
  x=1 n=3124550 Dstar4096=2.465e-04 Dstar*sqrt(n)=0.436 |F(m)|*sqrt(n): 1:0.47 2:0.11 3:0.83 4:0.49 5:0.16 7:0.21 8:1.18 16:0.61 64:0.69 256:0.31 1024:2.38 4096:1.91 65536:9.85 1048576:66.18
     local z_j=(#u<2^-j - n2^-j)/sqrt(n2^-j): 1:-0.48 2:-0.41 3:-0.04 4:+0.97 5:-0.27 6:-0.48 7:+0.25 8:-0.17 9:+0.27 10:+0.23 11:-0.32 12:-0.28 13:-0.48 14:-1.14 15:+0.07 16:-0.10 17:+0.85
  x=2 n=1081575 Dstar4096=3.900e-04 Dstar*sqrt(n)=0.406 |F(m)|*sqrt(n): 1:0.15 2:0.24 3:1.17 4:1.27 5:0.31 7:0.25 8:1.73 16:0.37 64:0.12 256:1.40 1024:1.27 4096:0.12 65536:12.56 1048576:76.05
     local z_j=(#u<2^-j - n2^-j)/sqrt(n2^-j): 1:-0.52 2:-0.46 3:+0.30 4:+1.16 5:-0.32 6:-1.13 7:-1.10 8:-0.89 9:-0.31 10:-0.62 11:-0.22 12:+0.24 13:+2.00 14:+0.98 15:+1.74
  all n=13123110 Dstar4096=2.800e-04 Dstar*sqrt(n)=1.015 |F(m)|*sqrt(n): 1:1.01 2:0.42 3:1.85 4:0.82 5:0.28 7:0.24 8:1.12 16:0.47 64:0.81 256:0.49 1024:1.89 4096:0.59 65536:6.44 1048576:15.80
     local z_j=(#u<2^-j - n2^-j)/sqrt(n2^-j): 1:-1.31 2:-1.25 3:-0.37 4:+1.11 5:-0.98 6:-1.40 7:-0.60 8:-0.35 9:+1.20 10:+0.54 11:-0.42 12:-0.53 13:+0.90 14:-0.71 15:+0.63 16:+0.55 17:+2.19 18:+4.66 19:+6.59
  lift-digit uniformity (final digit d, t in [0,2^d)): chi2/dof: d=1:3.24(n=8436285) d=2:1.92(n=3124550) d=3:1.31(n=1081575) d=4:0.89(n=346104) d=5:0.94(n=100947) d=6:1.19(n=26334)
mode=terminal-only c=0 N=20 sN=31 phi=0.6993
  x=0 n=54627300 Dstar4096=4.297e-05 Dstar*sqrt(n)=0.318 |F(m)|*sqrt(n): 1:0.20 2:0.14 3:0.06 4:0.18 5:0.25 7:0.51 8:0.78 16:0.18 64:0.70 256:0.70 1024:1.37 4096:1.19 65536:4.87 1048576:34.26
     local z_j=(#u<2^-j - n2^-j)/sqrt(n2^-j): 1:-0.26 2:-0.03 3:+0.01 4:-0.83 5:-0.89 6:-0.42 7:+0.46 8:-0.46 9:-1.21 10:-0.55 11:-0.37 12:-0.36 13:-0.58 14:-1.39 15:-1.55 16:-0.30 17:-0.72 18:+0.04 19:+0.18 20:+1.37 21:+3.13
  x=1 n=20030010 Dstar4096=9.230e-05 Dstar*sqrt(n)=0.413 |F(m)|*sqrt(n): 1:0.13 2:0.11 3:0.33 4:0.54 5:0.37 7:0.18 8:0.52 16:0.08 64:1.64 256:0.35 1024:0.28 4096:4.49 65536:2.01 1048576:50.67
     local z_j=(#u<2^-j - n2^-j)/sqrt(n2^-j): 1:-0.26 2:-0.29 3:-0.32 4:-0.91 5:-0.63 6:-0.64 7:+0.39 8:-0.42 9:-1.50 10:-0.17 11:+0.63 12:+0.96 13:+1.52 14:+0.79 15:+0.72 16:+1.85 17:+1.55 18:+1.78 19:+0.78
  x=2 n=6906900 Dstar4096=2.300e-04 Dstar*sqrt(n)=0.605 |F(m)|*sqrt(n): 1:0.12 2:0.53 3:0.56 4:0.42 5:0.27 7:0.57 8:0.14 16:0.18 64:2.41 256:0.24 1024:1.03 4096:4.06 65536:8.61 1048576:62.89
     local z_j=(#u<2^-j - n2^-j)/sqrt(n2^-j): 1:-0.46 2:-0.99 3:-0.34 4:-1.28 5:-0.18 6:-0.11 7:+0.71 8:-0.32 9:-1.32 10:-0.73 11:-0.53 12:-0.01 13:+0.44 14:+0.70 15:+0.02 16:+1.33 17:+1.97 18:+1.69
  all n=84672315 Dstar4096=7.575e-05 Dstar*sqrt(n)=0.697 |F(m)|*sqrt(n): 1:0.13 2:0.11 3:0.49 4:0.40 5:0.43 7:0.49 8:1.09 16:0.32 64:1.56 256:0.32 1024:0.85 4096:1.36 65536:6.33 1048576:37.05
     local z_j=(#u<2^-j - n2^-j)/sqrt(n2^-j): 1:-0.53 2:-0.75 3:-0.45 4:-1.91 5:-1.45 6:-0.84 7:+0.54 8:-1.09 9:-2.85 10:-1.36 11:-0.65 12:-0.17 13:+0.26 14:-0.57 15:-0.83 16:+0.95 17:+0.83 18:+1.56 19:+1.61 20:+3.48 21:+6.87 22:+7.97
  lift-digit uniformity (final digit d, t in [0,2^d)): chi2/dof: d=1:0.67(n=54627300) d=2:0.11(n=20030010) d=3:0.41(n=6906900) d=4:0.69(n=2220075) d=5:0.78(n=657800) d=6:1.00(n=177100)
