mode=confined c=0 N=12 sN=19 phi=0.0196
  x=0 n=2652 Dstar4096=1.297e-02 Dstar*sqrt(n)=0.668 |F(m)|*sqrt(n): 1:0.31 2:1.79 3:1.05 4:0.99 5:2.20 7:0.67 8:0.34 16:0.34 64:0.26 256:1.35 1024:1.49 4096:2.68 65536:23.27 1048576:51.50
     local z_j=(#u<2^-j - n2^-j)/sqrt(n2^-j): 1:-0.44 2:-0.23 3:+0.52 4:-0.52 5:-1.19 6:-1.00 7:-0.60
  x=1 n=2652 Dstar4096=2.387e-02 Dstar*sqrt(n)=1.229 |F(m)|*sqrt(n): 1:1.79 2:0.99 3:0.42 4:0.34 5:1.78 7:0.42 8:0.34 16:0.25 64:0.43 256:1.61 1024:4.82 4096:4.78 65536:31.11 1048576:51.50
     local z_j=(#u<2^-j - n2^-j)/sqrt(n2^-j): 1:-0.82 2:-1.98 3:-1.13 4:-1.30 5:-1.63 6:-0.84 7:-0.60
  x=2 n=1691 Dstar4096=1.795e-02 Dstar*sqrt(n)=0.738 |F(m)|*sqrt(n): 1:1.18 2:0.38 3:0.02 4:0.25 5:1.61 7:1.77 8:0.24 16:0.22 64:1.05 256:1.12 1024:2.32 4096:6.98 65536:41.12 1048576:41.12
     local z_j=(#u<2^-j - n2^-j)/sqrt(n2^-j): 1:+0.09 2:-0.23 3:-0.30 4:-0.07 5:-0.80 6:-1.05
  all n=8045 Dstar4096=1.321e-02 Dstar*sqrt(n)=1.185 |F(m)|*sqrt(n): 1:1.52 2:1.48 3:0.34 4:0.34 5:1.72 7:1.35 8:0.14 16:0.11 64:0.10 256:0.88 1024:2.19 4096:8.92 65536:44.80 1048576:89.69
     local z_j=(#u<2^-j - n2^-j)/sqrt(n2^-j): 1:-0.75 2:-1.32 3:-0.34 4:-0.71 5:-1.79 6:-1.85 7:-0.11 8:+1.53
  lift-digit uniformity (final digit d, t in [0,2^d)): chi2/dof: d=1:0.01(n=2652) d=2:0.45(n=2652) d=3:0.73(n=1691) d=4:1.46(n=730) d=5:1.27(n=245)
mode=confined c=0 N=14 sN=22 phi=0.1895
  x=0 n=17637 Dstar4096=4.222e-03 Dstar*sqrt(n)=0.561 |F(m)|*sqrt(n): 1:0.43 2:0.55 3:0.31 4:0.05 5:1.82 7:0.54 8:0.19 16:1.12 64:0.04 256:0.44 1024:0.96 4096:3.88 65536:15.52 1048576:81.80
     local z_j=(#u<2^-j - n2^-j)/sqrt(n2^-j): 1:+0.01 2:+0.67 3:+0.41 4:+0.80 5:+0.50 6:+0.63 7:-0.07 8:-0.35 9:-0.76
  x=1 n=17637 Dstar4096=3.646e-03 Dstar*sqrt(n)=0.484 |F(m)|*sqrt(n): 1:0.55 2:0.05 3:0.15 4:0.19 5:0.15 7:0.19 8:1.12 16:0.51 64:0.36 256:0.63 1024:3.24 4096:3.26 65536:21.66 1048576:132.80
     local z_j=(#u<2^-j - n2^-j)/sqrt(n2^-j): 1:-0.52 2:-0.15 3:-0.12 4:+0.35 5:-0.22 6:-0.28 7:-0.32 8:-0.83 9:-0.25
  x=2 n=9592 Dstar4096=6.178e-03 Dstar*sqrt(n)=0.605 |F(m)|*sqrt(n): 1:0.08 2:0.15 3:0.29 4:1.18 5:0.46 7:0.42 8:0.76 16:0.21 64:0.23 256:0.67 1024:2.72 4096:9.53 65536:37.25 1048576:97.94
     local z_j=(#u<2^-j - n2^-j)/sqrt(n2^-j): 1:-0.36 2:-0.80 3:-0.95 4:-2.31 5:-2.30 6:-0.81 7:-0.92 8:-1.55
  all n=51033 Dstar4096=2.199e-03 Dstar*sqrt(n)=0.497 |F(m)|*sqrt(n): 1:0.46 2:0.08 3:0.19 4:0.69 5:1.22 7:0.22 8:0.83 16:0.84 64:0.12 256:0.47 1024:0.06 4096:4.99 65536:37.68 1048576:113.65
     local z_j=(#u<2^-j - n2^-j)/sqrt(n2^-j): 1:-0.45 2:-0.00 3:-0.25 4:+0.04 5:-0.70 6:+0.34 7:-0.34 8:-1.44 9:-0.87 10:+0.45 11:+0.62
  lift-digit uniformity (final digit d, t in [0,2^d)): chi2/dof: d=1:0.45(n=17637) d=2:0.26(n=17637) d=3:0.22(n=9592) d=4:0.27(n=4199) d=5:0.40(n=1458) d=6:0.94(n=408)
mode=confined c=0 N=16 sN=25 phi=0.3594
  x=0 n=108950 Dstar4096=3.595e-03 Dstar*sqrt(n)=1.187 |F(m)|*sqrt(n): 1:0.81 2:2.32 3:0.57 4:1.40 5:0.38 7:0.08 8:0.87 16:0.34 64:0.11 256:1.69 1024:0.68 4096:0.79 65536:7.21 1048576:51.59
     local z_j=(#u<2^-j - n2^-j)/sqrt(n2^-j): 1:-0.69 2:-1.93 3:-1.76 4:-0.94 5:+0.28 6:+0.62 7:+0.51 8:+0.89 9:+0.91 10:-0.14 11:+0.52 12:-1.09
  x=1 n=108950 Dstar4096=5.379e-03 Dstar*sqrt(n)=1.775 |F(m)|*sqrt(n): 1:2.32 2:1.40 3:0.46 4:0.87 5:0.31 7:0.42 8:0.34 16:0.13 64:1.79 256:0.69 1024:0.51 4096:2.27 65536:31.78 1048576:127.63
     local z_j=(#u<2^-j - n2^-j)/sqrt(n2^-j): 1:+2.27 2:+0.97 3:+0.35 4:+0.07 5:+0.88 6:+0.40 7:+0.13 8:+0.02 9:+0.08 10:-0.14 11:+0.52 12:-0.50
  x=2 n=57917 Dstar4096=6.127e-03 Dstar*sqrt(n)=1.474 |F(m)|*sqrt(n): 1:2.31 2:0.87 3:0.46 4:0.53 5:0.44 7:0.13 8:0.16 16:0.12 64:1.33 256:0.72 1024:0.27 4096:5.53 65536:19.75 1048576:115.80
     local z_j=(#u<2^-j - n2^-j)/sqrt(n2^-j): 1:+1.77 2:+1.86 3:+1.21 4:+0.53 5:+0.61 6:+0.63 7:-1.01 8:-1.01 9:-0.76 10:-0.47 11:-0.05
  all n=312455 Dstar4096=1.848e-03 Dstar*sqrt(n)=1.033 |F(m)|*sqrt(n): 1:1.31 2:1.82 3:0.39 4:0.36 5:0.68 7:0.18 8:0.81 16:0.16 64:1.50 256:1.07 1024:0.57 4096:0.68 65536:13.64 1048576:154.43
     local z_j=(#u<2^-j - n2^-j)/sqrt(n2^-j): 1:+1.02 2:-0.45 3:-0.66 4:-0.53 5:+0.55 6:+0.97 7:-0.41 8:+0.04 9:+0.27 10:-0.29 11:+0.36 12:-0.83 13:+0.46
  lift-digit uniformity (final digit d, t in [0,2^d)): chi2/dof: d=1:2.01(n=108950) d=2:1.25(n=108950) d=3:1.01(n=57917) d=4:0.87(n=24521) d=5:0.73(n=8762) d=6:0.96(n=2595)
mode=confined c=0 N=18 sN=28 phi=0.5293
  x=0 n=663535 Dstar4096=3.861e-04 Dstar*sqrt(n)=0.315 |F(m)|*sqrt(n): 1:0.20 2:0.07 3:0.23 4:0.06 5:0.61 7:0.49 8:0.43 16:1.63 64:0.08 256:0.28 1024:2.62 4096:2.30 65536:5.83 1048576:77.29
     local z_j=(#u<2^-j - n2^-j)/sqrt(n2^-j): 1:-0.23 2:-0.14 3:-0.23 4:-0.03 5:-0.37 6:-0.45 7:-0.12 8:+0.10 9:+0.47 10:+1.02 11:+0.50 12:-0.24 13:+0.33 14:+0.86 15:+1.28
  x=1 n=663535 Dstar4096=3.737e-04 Dstar*sqrt(n)=0.304 |F(m)|*sqrt(n): 1:0.07 2:0.06 3:0.17 4:0.43 5:0.25 7:0.58 8:1.63 16:1.43 64:0.42 256:0.42 1024:3.90 4096:2.61 65536:18.78 1048576:70.26
     local z_j=(#u<2^-j - n2^-j)/sqrt(n2^-j): 1:-0.09 2:-0.55 3:-0.53 4:+0.03 5:+0.21 6:+0.41 7:+0.61 8:+0.87 9:+1.75 10:+1.85 11:+1.33 12:+0.39 13:-0.67 14:-2.28 15:-0.94
  x=2 n=351080 Dstar4096=1.288e-03 Dstar*sqrt(n)=0.763 |F(m)|*sqrt(n): 1:0.27 2:0.17 3:1.07 4:1.57 5:0.14 7:0.59 8:2.01 16:0.70 64:0.16 256:1.50 1024:1.84 4096:2.55 65536:8.50 1048576:94.57
     local z_j=(#u<2^-j - n2^-j)/sqrt(n2^-j): 1:+0.21 2:+0.06 3:+1.56 4:+2.80 5:+1.34 6:-0.20 7:-0.19 8:+0.91 9:+1.58 10:+0.87 11:+0.50 12:+0.03 13:+1.40 14:+1.20
  all n=1900470 Dstar4096=2.839e-04 Dstar*sqrt(n)=0.391 |F(m)|*sqrt(n): 1:0.25 2:0.13 3:0.56 4:0.70 5:0.32 7:0.92 8:1.05 16:1.33 64:0.37 256:1.23 1024:3.84 4096:2.45 65536:5.46 1048576:71.53
     local z_j=(#u<2^-j - n2^-j)/sqrt(n2^-j): 1:-0.38 2:-0.73 3:-0.06 4:+0.99 5:-0.04 6:-0.31 7:-0.58 8:+0.44 9:+1.61 10:+2.07 11:+1.05 12:-0.09 13:+0.20 14:-0.56 15:+0.66 16:+0.56
  lift-digit uniformity (final digit d, t in [0,2^d)): chi2/dof: d=1:0.34(n=663535) d=2:0.28(n=663535) d=3:0.30(n=351080) d=4:0.74(n=147575) d=5:0.97(n=53020) d=6:1.10(n=16382)
mode=confined c=0 N=20 sN=31 phi=0.6993
  x=0 n=5936673 Dstar4096=1.170e-04 Dstar*sqrt(n)=0.285 |F(m)|*sqrt(n): 1:0.33 2:0.16 3:0.42 4:0.12 5:0.05 7:0.03 8:0.21 16:0.16 64:0.58 256:5.15 1024:1.24 4096:1.74 65536:8.98 1048576:56.38
     local z_j=(#u<2^-j - n2^-j)/sqrt(n2^-j): 1:-0.11 2:-0.08 3:+0.22 4:+0.46 5:-0.32 6:+0.67 7:-0.08 8:-0.17 9:-0.90 10:-0.94 11:-1.07 12:-1.14 13:-0.55 14:-0.23 15:-0.53 16:-1.11 17:-0.19 18:+1.12
  x=1 n=4036203 Dstar4096=1.830e-04 Dstar*sqrt(n)=0.368 |F(m)|*sqrt(n): 1:0.22 2:0.12 3:0.11 4:0.19 5:0.62 7:0.08 8:0.13 16:0.25 64:2.62 256:2.11 1024:0.21 4096:4.82 65536:10.24 1048576:22.93
     local z_j=(#u<2^-j - n2^-j)/sqrt(n2^-j): 1:+0.36 2:+0.29 3:+0.25 4:+0.75 5:+0.18 6:+0.13 7:+0.25 8:+0.98 9:+0.63 10:+0.53 11:+0.70 12:+1.93 13:+2.31 14:+1.63 15:+0.80 16:+0.94 17:-0.32
  x=2 n=2135733 Dstar4096=2.429e-04 Dstar*sqrt(n)=0.355 |F(m)|*sqrt(n): 1:0.21 2:0.18 3:0.12 4:0.13 5:0.61 7:0.22 8:0.25 16:0.27 64:3.12 256:1.39 1024:1.32 4096:5.91 65536:9.36 1048576:31.24
     local z_j=(#u<2^-j - n2^-j)/sqrt(n2^-j): 1:-0.23 2:-0.64 3:+0.12 4:-0.73 5:+0.22 6:+0.50 7:+1.52 8:+0.88 9:+0.63 10:+1.26 11:+1.77 12:+2.13 13:+2.19 14:+2.68 15:-0.02 16:-0.63
  all n=13472296 Dstar4096=8.320e-05 Dstar*sqrt(n)=0.305 |F(m)|*sqrt(n): 1:0.21 2:0.24 3:0.24 4:0.17 5:0.55 7:0.52 8:0.26 16:0.16 64:1.56 256:1.58 1024:2.02 4096:6.15 65536:4.68 1048576:32.34
     local z_j=(#u<2^-j - n2^-j)/sqrt(n2^-j): 1:-0.00 2:-0.41 3:+0.22 4:+0.19 5:-0.30 6:+0.64 7:+0.63 8:+0.27 9:-0.88 10:-0.61 11:-0.10 12:+1.11 13:+1.64 14:+1.94 15:+0.24 16:-0.25 17:-0.37 18:+1.34 19:+1.24
  lift-digit uniformity (final digit d, t in [0,2^d)): chi2/dof: d=1:0.03(n=5936673) d=2:0.02(n=4036203) d=3:0.05(n=2135733) d=4:0.40(n=898798) d=5:0.51(n=325398) d=6:0.77(n=103078)
mode=confined c=0 N=22 sN=34 phi=0.8692
  x=0 n=39993895 Dstar4096=5.719e-05 Dstar*sqrt(n)=0.362 |F(m)|*sqrt(n): 1:0.23 2:0.20 3:0.05 4:0.12 5:0.51 7:0.17 8:0.30 16:0.17 64:0.34 256:0.88 1024:5.91 4096:7.46 65536:14.58 1048576:38.97
     local z_j=(#u<2^-j - n2^-j)/sqrt(n2^-j): 1:-0.30 2:-0.50 3:-0.48 4:-0.71 5:-0.85 6:-0.58 7:-0.04 8:-0.40 9:-0.63 10:-0.35 11:-1.21 12:-1.45 13:-1.73 14:-0.85 15:-1.05 16:-1.31 17:-1.50 18:-1.75 19:-2.32 20:-1.16
  x=1 n=26521599 Dstar4096=8.496e-05 Dstar*sqrt(n)=0.438 |F(m)|*sqrt(n): 1:0.21 2:0.25 3:0.16 4:0.19 5:2.23 7:0.12 8:0.16 16:0.10 64:0.19 256:0.88 1024:8.87 4096:5.23 65536:20.35 1048576:39.66
     local z_j=(#u<2^-j - n2^-j)/sqrt(n2^-j): 1:+0.31 2:+0.01 3:+0.63 4:+0.03 5:-0.36 6:-0.93 7:-0.35 8:-0.34 9:-0.40 10:-0.32 11:-0.09 12:-0.61 13:-0.43 14:-1.36 15:+0.69 16:+0.96 17:+1.52 18:+0.68 19:+0.48 20:+0.34
  x=2 n=13049303 Dstar4096=1.151e-04 Dstar*sqrt(n)=0.416 |F(m)|*sqrt(n): 1:0.22 2:0.12 3:0.12 4:0.17 5:2.44 7:0.43 8:0.16 16:0.07 64:0.57 256:2.20 1024:4.79 4096:1.03 65536:11.20 1048576:33.58
     local z_j=(#u<2^-j - n2^-j)/sqrt(n2^-j): 1:+0.21 2:+0.10 3:+0.89 4:+0.90 5:+0.42 6:+0.82 7:+0.74 8:+1.50 9:+2.79 10:+2.70 11:+1.13 12:+1.12 13:+2.26 14:+1.58 15:+1.79 16:+2.47 17:+2.55 18:+1.45 19:-0.18
  all n=87986917 Dstar4096=4.263e-05 Dstar*sqrt(n)=0.400 |F(m)|*sqrt(n): 1:0.22 2:0.23 3:0.16 4:0.07 5:2.16 7:0.32 8:0.20 16:0.05 64:0.50 256:0.88 1024:6.01 4096:9.19 65536:21.10 1048576:40.96
     local z_j=(#u<2^-j - n2^-j)/sqrt(n2^-j): 1:+0.02 2:-0.43 3:+0.37 4:-0.46 5:-1.07 6:-1.05 7:-0.24 8:-0.55 9:-0.24 10:+0.30 11:-1.33 12:-1.94 13:-1.27 14:-1.41 15:+0.19 16:+0.91 17:+1.26 18:-0.04 19:-0.60 20:+0.12 21:+0.78 22:+2.62
  lift-digit uniformity (final digit d, t in [0,2^d)): chi2/dof: d=1:0.08(n=39993895) d=2:0.05(n=26521599) d=3:0.19(n=13049303) d=4:0.68(n=5513680) d=5:1.14(n=2014260) d=6:1.26(n=650573)
